Archive member included because of file (symbol)

E:/Workspace/MK70_Try/PE_Test/emwin_548/emwin_library\libemwin_M4F.a(WINDOW.o)
                              ./Sources/AppDisplay.o (WINDOW_SetBkColor)
E:/Workspace/MK70_Try/PE_Test/emwin_548/emwin_library\libemwin_M4F.a(DIALOG.o)
                              ./Sources/AppDisplay.o (GUI_CreateDialogBox)
E:/Workspace/MK70_Try/PE_Test/emwin_548/emwin_library\libemwin_M4F.a(GUIDRV_Lin_32.o)
                              ./emwin_548/emwin_config/LCDConf.o (GUIDRV_Lin_32_API)
E:/Workspace/MK70_Try/PE_Test/emwin_548/emwin_library\libemwin_M4F.a(WM_SetFocusOnPrevChild.o)
                              E:/Workspace/MK70_Try/PE_Test/emwin_548/emwin_library\libemwin_M4F.a(WINDOW.o) (WM_SetFocusOnPrevChild)
E:/Workspace/MK70_Try/PE_Test/emwin_548/emwin_library\libemwin_M4F.a(WM_SetFocusOnNextChild.o)
                              E:/Workspace/MK70_Try/PE_Test/emwin_548/emwin_library\libemwin_M4F.a(WINDOW.o) (WM_SetFocusOnNextChild)
E:/Workspace/MK70_Try/PE_Test/emwin_548/emwin_library\libemwin_M4F.a(WM.o)
                              E:/Workspace/MK70_Try/PE_Test/emwin_548/emwin_library\libemwin_M4F.a(DIALOG.o) (WM_SendMessage)
E:/Workspace/MK70_Try/PE_Test/emwin_548/emwin_library\libemwin_M4F.a(WM_Touch.o)
                              E:/Workspace/MK70_Try/PE_Test/emwin_548/emwin_library\libemwin_M4F.a(WM.o) (WM__aCHWinMouseOver)
E:/Workspace/MK70_Try/PE_Test/emwin_548/emwin_library\libemwin_M4F.a(WM__Private.o)
                              E:/Workspace/MK70_Try/PE_Test/emwin_548/emwin_library\libemwin_M4F.a(WM_SetFocusOnPrevChild.o) (WM__GetLastSibling)
E:/Workspace/MK70_Try/PE_Test/emwin_548/emwin_library\libemwin_M4F.a(WM_UserData.o)
                              E:/Workspace/MK70_Try/PE_Test/emwin_548/emwin_library\libemwin_M4F.a(WINDOW.o) (WM__GetUserDataEx)
E:/Workspace/MK70_Try/PE_Test/emwin_548/emwin_library\libemwin_M4F.a(WM_Lib.o)
                              E:/Workspace/MK70_Try/PE_Test/emwin_548/emwin_library\libemwin_M4F.a(DIALOG.o) (WM_GetClientWindow)
E:/Workspace/MK70_Try/PE_Test/emwin_548/emwin_library\libemwin_M4F.a(WM_Move.o)
                              E:/Workspace/MK70_Try/PE_Test/emwin_548/emwin_library\libemwin_M4F.a(WM_Lib.o) (WM__MoveWindow)
E:/Workspace/MK70_Try/PE_Test/emwin_548/emwin_library\libemwin_M4F.a(WM_PID__GetPrevState.o)
                              E:/Workspace/MK70_Try/PE_Test/emwin_548/emwin_library\libemwin_M4F.a(WM_Touch.o) (WM_PID__SetPrevState)
E:/Workspace/MK70_Try/PE_Test/emwin_548/emwin_library\libemwin_M4F.a(F8x16.o)
                              ./emwin_548/emwin_config/GUIConf.o (GUI_Font8x16)
E:/Workspace/MK70_Try/PE_Test/emwin_548/emwin_library\libemwin_M4F.a(GUI_Device.o)
                              E:/Workspace/MK70_Try/PE_Test/emwin_548/emwin_library\libemwin_M4F.a(WM_Touch.o) (GUI_DEVICE__GetpDriver)
E:/Workspace/MK70_Try/PE_Test/emwin_548/emwin_library\libemwin_M4F.a(GUI__Private.o)
                              E:/Workspace/MK70_Try/PE_Test/emwin_548/emwin_library\libemwin_M4F.a(WM.o) (GUI__IntersectRect)
E:/Workspace/MK70_Try/PE_Test/emwin_548/emwin_library\libemwin_M4F.a(GUI_OnKey.o)
                              E:/Workspace/MK70_Try/PE_Test/emwin_548/emwin_library\libemwin_M4F.a(WM.o) (GUI_StoreKey)
E:/Workspace/MK70_Try/PE_Test/emwin_548/emwin_library\libemwin_M4F.a(LCD_Set.o)
                              ./emwin_548/emwin_config/LCDConf.o (LCD_SetDevFunc)
E:/Workspace/MK70_Try/PE_Test/emwin_548/emwin_library\libemwin_M4F.a(LCD_Mirror.o)
                              E:/Workspace/MK70_Try/PE_Test/emwin_548/emwin_library\libemwin_M4F.a(GUIDRV_Lin_32.o) (LCD_aMirror)
E:/Workspace/MK70_Try/PE_Test/emwin_548/emwin_library\libemwin_M4F.a(LCD.o)
                              E:/Workspace/MK70_Try/PE_Test/emwin_548/emwin_library\libemwin_M4F.a(WM.o) (LCD_SetClipRectMax)
E:/Workspace/MK70_Try/PE_Test/emwin_548/emwin_library\libemwin_M4F.a(GUI_UC.o)
                              E:/Workspace/MK70_Try/PE_Test/emwin_548/emwin_library\libemwin_M4F.a(GUI__Private.o) (GUI_UC__GetCharCodeInc)
E:/Workspace/MK70_Try/PE_Test/emwin_548/emwin_library\libemwin_M4F.a(LCD_GetEx.o)
                              E:/Workspace/MK70_Try/PE_Test/emwin_548/emwin_library\libemwin_M4F.a(GUIDRV_Lin_32.o) (LCD_GetMirrorXEx)
E:/Workspace/MK70_Try/PE_Test/emwin_548/emwin_library\libemwin_M4F.a(GUI_SelectLayer.o)
                              E:/Workspace/MK70_Try/PE_Test/emwin_548/emwin_library\libemwin_M4F.a(WM_Touch.o) (GUI_GetLayerPosEx)
E:/Workspace/MK70_Try/PE_Test/emwin_548/emwin_library\libemwin_M4F.a(LCD_SetClipRectEx.o)
                              E:/Workspace/MK70_Try/PE_Test/emwin_548/emwin_library\libemwin_M4F.a(WM.o) (LCD_SetClipRectEx)
E:/Workspace/MK70_Try/PE_Test/emwin_548/emwin_library\libemwin_M4F.a(GUI_Cursor.o)
                              E:/Workspace/MK70_Try/PE_Test/emwin_548/emwin_library\libemwin_M4F.a(WM_Touch.o) (GUI_CURSOR_SetPositionEx)
[...]
Memory Configuration

Name             Origin             Length             Attributes
m_interrupts     0x00000000         0x000001e8         xr
m_text           0x00000410         0x000ffbf0         xr
m_data           0x1fff0000         0x00017000         rw
m_data2          0x20007000         0x00009000         rw
m_ddrramdata     0x80400000         0x00400000         rw
m_cfmprotrom     0x00000400         0x00000010         xr
*default*        0x00000000         0xffffffff

Linker script and memory map

LOAD ./Data/tree.o
LOAD ./Data/road.o
LOAD ./Data/pictures.o
LOAD ./Data/bird.o
LOAD ./Data/Doraemon.o
LOAD ./Data/DatFont8x16.o
LOAD ./Drivers/DrvSsp.o
LOAD ./Drivers/DrvSpi.o
LOAD ./Drivers/DrvLcd_Color320x240.o
LOAD ./Drivers/DrvLcdController_MK70.o
LOAD ./Drivers/DrvIOPort.o
LOAD ./Drivers/DrvFlexBus.o
LOAD ./FreeRTOS/portable/port.o
LOAD ./FreeRTOS/portable/heap_4.o
LOAD ./FreeRTOS/timers.o
LOAD ./FreeRTOS/tasks.o
LOAD ./FreeRTOS/stream_buffer.o
LOAD ./FreeRTOS/queue.o
LOAD ./FreeRTOS/list.o
LOAD ./FreeRTOS/event_groups.o
LOAD ./FreeRTOS/croutine.o
LOAD ./Generated_Code/Vectors.o
LOAD ./Generated_Code/TU1.o
LOAD ./Generated_Code/SM1.o
LOAD ./Generated_Code/PE_LDD.o
LOAD ./Generated_Code/LCDC1.o
LOAD ./Generated_Code/GPIO2.o
LOAD ./Generated_Code/GPIO1.o
LOAD ./Generated_Code/DMA1.o
LOAD ./Generated_Code/Cpu.o
LOAD ./Generated_Code/Bit2.o
LOAD ./Generated_Code/Bit1.o
LOAD ./Generated_Code/ASerialLdd1.o
LOAD ./Generated_Code/AS1.o
LOAD ./Project_Settings/Startup_Code/__arm_start.o
LOAD ./Project_Settings/Startup_Code/__arm_end.o
LOAD ./Sources/main.o
LOAD ./Sources/key.o
LOAD ./Sources/SysFont.o
LOAD ./Sources/SysDisplay.o
LOAD ./Sources/Global_data.o
LOAD ./Sources/Events.o
LOAD ./Sources/Appserial.o
LOAD ./Sources/AppTask.o
LOAD ./Sources/AppDisplay.o
LOAD ./emwin_548/emwin_config/LCDConf.o
LOAD ./emwin_548/emwin_config/GUI_X.o
LOAD ./emwin_548/emwin_config/GUIConf.o
LOAD E:/Workspace/MK70_Try/PE_Test/emwin_548/emwin_library\libemwin_M4F.a
START GROUP
LOAD C:/Freescale/CW MCU v10.7/MCU/ARM_GCC_Support/ewl/lib/armv7e-m/fpu\libc99.a
LOAD C:/Freescale/CW MCU v10.7/MCU/ARM_GCC_Support/ewl/lib/armv7e-m/fpu\libm.a
LOAD c:/freescale/cw mcu v10.7/cross_tools/arm-none-eabi-gcc-4_7_3/bin/../lib/gcc/arm-none-eabi/4.7.3/armv7e-m/fpu\libgcc.a
LOAD C:/Freescale/CW MCU v10.7/MCU/ARM_GCC_Support/ewl/lib/armv7e-m/fpu\librt.a
LOAD C:/Freescale/CW MCU v10.7/MCU/ARM_GCC_Support/ewl/lib/armv7e-m/fpu\libuart.a
END GROUP
                0x20007000                _estack = 0x20007000
                0x20007000                __SP_INIT = _estack
                0x00000200                __heap_size = 0x200
                0x00000200                __stack_size = 0x200

.interrupts     0x00000000      0x1e8
                0x00000000                __vector_table = .
                0x00000000                . = ALIGN (0x4)
 *(.vectortable)
 .vectortable   0x00000000      0x1e8 ./Generated_Code/Vectors.o
                0x00000000                __vect_table
                0x000001e8                . = ALIGN (0x4)

.cfmprotect     0x00000400        0x0
                0x00000400                . = ALIGN (0x4)
 *(.cfmconfig)
                0x00000400                . = ALIGN (0x4)

.text           0x00000410     0xb750
                0x00000410                . = ALIGN (0x4)
 *(.text)
 *(.text*)
 .text.DrvSspSpiWrite
                0x00000410       0xbc ./Drivers/DrvSsp.o
                0x00000410                DrvSspSpiWrite
 .text.DrvSspSpiWrite16
                0x000004cc       0xb8 ./Drivers/DrvSsp.o
                0x000004cc                DrvSspSpiWrite16
 .text.DrvSpiSelectDevice
                0x00000584       0x7c ./Drivers/DrvSpi.o
                0x00000584                DrvSpiSelectDevice
 .text.DrvLcdSetCurrentDisplayFrame
                0x00000600       0x20 ./Drivers/DrvLcd_Color320x240.o
                0x00000600                DrvLcdSetCurrentDisplayFrame
 .text.DrvLcdSetDisplayOrigin
                0x00000620       0x3c ./Drivers/DrvLcd_Color320x240.o
                0x00000620                DrvLcdSetDisplayOrigin
 .text.Hx823dWriteCmd
                0x0000065c       0x3c ./Drivers/DrvLcdController_MK70.o
                0x0000065c                Hx823dWriteCmd
 .text.Hx8238dInit
                0x00000698       0xb4 ./Drivers/DrvLcdController_MK70.o
                0x00000698                Hx8238dInit
 .text.LcdInitPins
                0x0000074c       0xa8 ./Drivers/DrvLcdController_MK70.o
                0x0000074c                LcdInitPins
 .text.DrvLcdControllerInit
                0x000007f4       0x44 ./Drivers/DrvLcdController_MK70.o
                0x000007f4                DrvLcdControllerInit
 .text.DrvIOSetPortPinDirection
                0x00000838       0x60 ./Drivers/DrvIOPort.o
                0x00000838                DrvIOSetPortPinDirection
 .text.DrvIOSetPortParFunction
                0x00000898       0x5c ./Drivers/DrvIOPort.o
                0x00000898                DrvIOSetPortParFunction
 .text.TU1_Init
                0x000008f4       0xe0 ./Generated_Code/TU1.o
                0x000008f4                TU1_Init
 .text.TU1_Interrupt
                0x000009d4       0x50 ./Generated_Code/TU1.o
                0x000009d4                TU1_Interrupt
 .text.SM1_Init
                0x00000a24      0x188 ./Generated_Code/SM1.o
                0x00000a24                SM1_Init
 .text.SM1_Interrupt
                0x00000bac      0x110 ./Generated_Code/SM1.o
                0x00000bac                SM1_Interrupt
 .text.LCDC1_Init
                0x00000cbc      0x97c ./Generated_Code/LCDC1.o
                0x00000cbc                LCDC1_Init
 .text.LCDC1_SetupBitmap
                0x00001638      0x1ac ./Generated_Code/LCDC1.o
                0x00001638                LCDC1_SetupBitmap
 .text.LCDC1_SetupWindow
                0x000017e4      0x304 ./Generated_Code/LCDC1.o
                0x000017e4                LCDC1_SetupWindow
 .text.GPIO2_Init
                0x00001ae8      0x10c ./Generated_Code/GPIO2.o
                0x00001ae8                GPIO2_Init
 .text.GPIO2_GetFieldValue
                0x00001bf4       0x50 ./Generated_Code/GPIO2.o
                0x00001bf4                GPIO2_GetFieldValue
 .text.GPIO2_ToggleFieldBits
                0x00001c44       0x50 ./Generated_Code/GPIO2.o
                0x00001c44                GPIO2_ToggleFieldBits
 .text.GPIO1_Init
                0x00001c94       0x84 ./Generated_Code/GPIO1.o
                0x00001c94                GPIO1_Init
 .text.DMA1_Init
                0x00001d18      0x1d4 ./Generated_Code/DMA1.o
                0x00001d18                DMA1_Init
 .text.DMA1_ErrorInterrupt
                0x00001eec       0xc0 ./Generated_Code/DMA1.o
                0x00001eec                DMA1_ErrorInterrupt
 .text.DMA1_Channel15Interrupt
                0x00001fac       0x5c ./Generated_Code/DMA1.o
                0x00001fac                DMA1_Channel15Interrupt
 .text.Cpu_ivINT_NMI
                0x00002008       0x18 ./Generated_Code/Cpu.o
                0x00002008                Cpu_ivINT_NMI
 .text.Cpu_ivINT_Hard_Fault
                0x00002020       0x18 ./Generated_Code/Cpu.o
                0x00002020                Cpu_ivINT_Hard_Fault
 .text.Cpu_ivINT_Mem_Manage_Fault
                0x00002038       0x18 ./Generated_Code/Cpu.o
                0x00002038                Cpu_ivINT_Mem_Manage_Fault
 .text.Cpu_ivINT_Bus_Fault
                0x00002050       0x18 ./Generated_Code/Cpu.o
                0x00002050                Cpu_ivINT_Bus_Fault
 .text.Cpu_ivINT_Usage_Fault
                0x00002068       0x18 ./Generated_Code/Cpu.o
                0x00002068                Cpu_ivINT_Usage_Fault
 .text.Cpu_ivINT_Reserved7
                0x00002080       0x18 ./Generated_Code/Cpu.o
                0x00002080                Cpu_ivINT_Reserved7
 .text.Cpu_ivINT_Reserved8
                0x00002098       0x18 ./Generated_Code/Cpu.o
                0x00002098                Cpu_ivINT_Reserved8
 .text.Cpu_ivINT_Reserved9
                0x000020b0       0x18 ./Generated_Code/Cpu.o
                0x000020b0                Cpu_ivINT_Reserved9
 .text.Cpu_ivINT_Reserved10
                0x000020c8       0x18 ./Generated_Code/Cpu.o
                0x000020c8                Cpu_ivINT_Reserved10
 .text.Cpu_ivINT_SVCall
                0x000020e0       0x18 ./Generated_Code/Cpu.o
                0x000020e0                Cpu_ivINT_SVCall
 .text.Cpu_ivINT_DebugMonitor
                0x000020f8       0x18 ./Generated_Code/Cpu.o
                0x000020f8                Cpu_ivINT_DebugMonitor
 .text.Cpu_ivINT_Reserved13
                0x00002110       0x18 ./Generated_Code/Cpu.o
                0x00002110                Cpu_ivINT_Reserved13
 .text.Cpu_ivINT_PendableSrvReq
                0x00002128       0x18 ./Generated_Code/Cpu.o
                0x00002128                Cpu_ivINT_PendableSrvReq
 .text.Cpu_ivINT_SysTick
                0x00002140       0x18 ./Generated_Code/Cpu.o
                0x00002140                Cpu_ivINT_SysTick
 .text.Cpu_ivINT_DMA0_DMA16
                0x00002158       0x18 ./Generated_Code/Cpu.o
                0x00002158                Cpu_ivINT_DMA0_DMA16
 .text.Cpu_ivINT_DMA1_DMA17
                0x00002170       0x18 ./Generated_Code/Cpu.o
                0x00002170                Cpu_ivINT_DMA1_DMA17
 .text.Cpu_ivINT_DMA2_DMA18
                0x00002188       0x18 ./Generated_Code/Cpu.o
                0x00002188                Cpu_ivINT_DMA2_DMA18
 .text.Cpu_ivINT_DMA3_DMA19
                0x000021a0       0x18 ./Generated_Code/Cpu.o
                0x000021a0                Cpu_ivINT_DMA3_DMA19
 .text.Cpu_ivINT_DMA4_DMA20
                0x000021b8       0x18 ./Generated_Code/Cpu.o
                0x000021b8                Cpu_ivINT_DMA4_DMA20
 .text.Cpu_ivINT_DMA5_DMA21
                0x000021d0       0x18 ./Generated_Code/Cpu.o
                0x000021d0                Cpu_ivINT_DMA5_DMA21
 .text.Cpu_ivINT_DMA6_DMA22
                0x000021e8       0x18 ./Generated_Code/Cpu.o
                0x000021e8                Cpu_ivINT_DMA6_DMA22
 .text.Cpu_ivINT_DMA7_DMA23
                0x00002200       0x18 ./Generated_Code/Cpu.o
                0x00002200                Cpu_ivINT_DMA7_DMA23
 .text.Cpu_ivINT_DMA8_DMA24
                0x00002218       0x18 ./Generated_Code/Cpu.o
                0x00002218                Cpu_ivINT_DMA8_DMA24
 .text.Cpu_ivINT_DMA9_DMA25
                0x00002230       0x18 ./Generated_Code/Cpu.o
                0x00002230                Cpu_ivINT_DMA9_DMA25
 .text.Cpu_ivINT_DMA10_DMA26
                0x00002248       0x18 ./Generated_Code/Cpu.o
                0x00002248                Cpu_ivINT_DMA10_DMA26
 .text.Cpu_ivINT_DMA11_DMA27
                0x00002260       0x18 ./Generated_Code/Cpu.o
                0x00002260                Cpu_ivINT_DMA11_DMA27
 .text.Cpu_ivINT_DMA12_DMA28
                0x00002278       0x18 ./Generated_Code/Cpu.o
                0x00002278                Cpu_ivINT_DMA12_DMA28
 .text.Cpu_ivINT_DMA13_DMA29
                0x00002290       0x18 ./Generated_Code/Cpu.o
                0x00002290                Cpu_ivINT_DMA13_DMA29
 .text.Cpu_ivINT_DMA14_DMA30
                0x000022a8       0x18 ./Generated_Code/Cpu.o
                0x000022a8                Cpu_ivINT_DMA14_DMA30
 .text.Cpu_ivINT_MCM
                0x000022c0       0x18 ./Generated_Code/Cpu.o
                0x000022c0                Cpu_ivINT_MCM
 .text.Cpu_ivINT_FTFE
                0x000022d8       0x18 ./Generated_Code/Cpu.o
                0x000022d8                Cpu_ivINT_FTFE
 .text.Cpu_ivINT_Read_Collision
                0x000022f0       0x18 ./Generated_Code/Cpu.o
                0x000022f0                Cpu_ivINT_Read_Collision
 .text.Cpu_ivINT_LVD_LVW
                0x00002308       0x18 ./Generated_Code/Cpu.o
                0x00002308                Cpu_ivINT_LVD_LVW
 .text.Cpu_ivINT_LLW
                0x00002320       0x18 ./Generated_Code/Cpu.o
                0x00002320                Cpu_ivINT_LLW
 .text.Cpu_ivINT_Watchdog
                0x00002338       0x18 ./Generated_Code/Cpu.o
                0x00002338                Cpu_ivINT_Watchdog
 .text.Cpu_ivINT_RNG
                0x00002350       0x18 ./Generated_Code/Cpu.o
                0x00002350                Cpu_ivINT_RNG
 .text.Cpu_ivINT_I2C0
                0x00002368       0x18 ./Generated_Code/Cpu.o
                0x00002368                Cpu_ivINT_I2C0
 .text.Cpu_ivINT_I2C1
                0x00002380       0x18 ./Generated_Code/Cpu.o
                0x00002380                Cpu_ivINT_I2C1
 .text.Cpu_ivINT_SPI1
                0x00002398       0x18 ./Generated_Code/Cpu.o
                0x00002398                Cpu_ivINT_SPI1
 .text.Cpu_ivINT_SPI2
                0x000023b0       0x18 ./Generated_Code/Cpu.o
                0x000023b0                Cpu_ivINT_SPI2
 .text.Cpu_ivINT_CAN0_ORed_Message_buffer
                0x000023c8       0x18 ./Generated_Code/Cpu.o
                0x000023c8                Cpu_ivINT_CAN0_ORed_Message_buffer
 .text.Cpu_ivINT_CAN0_Bus_Off
                0x000023e0       0x18 ./Generated_Code/Cpu.o
                0x000023e0                Cpu_ivINT_CAN0_Bus_Off
 .text.Cpu_ivINT_CAN0_Error
                0x000023f8       0x18 ./Generated_Code/Cpu.o
                0x000023f8                Cpu_ivINT_CAN0_Error
 .text.Cpu_ivINT_CAN0_Tx_Warning
                0x00002410       0x18 ./Generated_Code/Cpu.o
                0x00002410                Cpu_ivINT_CAN0_Tx_Warning
 .text.Cpu_ivINT_CAN0_Rx_Warning
                0x00002428       0x18 ./Generated_Code/Cpu.o
                0x00002428                Cpu_ivINT_CAN0_Rx_Warning
 .text.Cpu_ivINT_CAN0_Wake_Up
                0x00002440       0x18 ./Generated_Code/Cpu.o
                0x00002440                Cpu_ivINT_CAN0_Wake_Up
 .text.Cpu_ivINT_I2S0_Tx
                0x00002458       0x18 ./Generated_Code/Cpu.o
                0x00002458                Cpu_ivINT_I2S0_Tx
 .text.Cpu_ivINT_I2S0_Rx
                0x00002470       0x18 ./Generated_Code/Cpu.o
                0x00002470                Cpu_ivINT_I2S0_Rx
 .text.Cpu_ivINT_CAN1_ORed_Message_buffer
                0x00002488       0x18 ./Generated_Code/Cpu.o
                0x00002488                Cpu_ivINT_CAN1_ORed_Message_buffer
 .text.Cpu_ivINT_CAN1_Bus_Off
                0x000024a0       0x18 ./Generated_Code/Cpu.o
                0x000024a0                Cpu_ivINT_CAN1_Bus_Off
 .text.Cpu_ivINT_CAN1_Error
                0x000024b8       0x18 ./Generated_Code/Cpu.o
                0x000024b8                Cpu_ivINT_CAN1_Error
 .text.Cpu_ivINT_CAN1_Tx_Warning
                0x000024d0       0x18 ./Generated_Code/Cpu.o
                0x000024d0                Cpu_ivINT_CAN1_Tx_Warning
 .text.Cpu_ivINT_CAN1_Rx_Warning
                0x000024e8       0x18 ./Generated_Code/Cpu.o
                0x000024e8                Cpu_ivINT_CAN1_Rx_Warning
 .text.Cpu_ivINT_CAN1_Wake_Up
                0x00002500       0x18 ./Generated_Code/Cpu.o
                0x00002500                Cpu_ivINT_CAN1_Wake_Up
 .text.Cpu_ivINT_Reserved59
                0x00002518       0x18 ./Generated_Code/Cpu.o
                0x00002518                Cpu_ivINT_Reserved59
 .text.Cpu_ivINT_UART0_LON
                0x00002530       0x18 ./Generated_Code/Cpu.o
                0x00002530                Cpu_ivINT_UART0_LON
 .text.Cpu_ivINT_UART1_RX_TX
                0x00002548       0x18 ./Generated_Code/Cpu.o
                0x00002548                Cpu_ivINT_UART1_RX_TX
 .text.Cpu_ivINT_UART1_ERR
                0x00002560       0x18 ./Generated_Code/Cpu.o
                0x00002560                Cpu_ivINT_UART1_ERR
 .text.Cpu_ivINT_UART2_RX_TX
                0x00002578       0x18 ./Generated_Code/Cpu.o
                0x00002578                Cpu_ivINT_UART2_RX_TX
 .text.Cpu_ivINT_UART2_ERR
                0x00002590       0x18 ./Generated_Code/Cpu.o
                0x00002590                Cpu_ivINT_UART2_ERR
 .text.Cpu_ivINT_UART3_RX_TX
                0x000025a8       0x18 ./Generated_Code/Cpu.o
                0x000025a8                Cpu_ivINT_UART3_RX_TX
 .text.Cpu_ivINT_UART3_ERR
                0x000025c0       0x18 ./Generated_Code/Cpu.o
                0x000025c0                Cpu_ivINT_UART3_ERR
 .text.Cpu_ivINT_UART4_RX_TX
                0x000025d8       0x18 ./Generated_Code/Cpu.o
                0x000025d8                Cpu_ivINT_UART4_RX_TX
 .text.Cpu_ivINT_UART4_ERR
                0x000025f0       0x18 ./Generated_Code/Cpu.o
                0x000025f0                Cpu_ivINT_UART4_ERR
 .text.Cpu_ivINT_UART5_RX_TX
                0x00002608       0x18 ./Generated_Code/Cpu.o
                0x00002608                Cpu_ivINT_UART5_RX_TX
 .text.Cpu_ivINT_UART5_ERR
                0x00002620       0x18 ./Generated_Code/Cpu.o
                0x00002620                Cpu_ivINT_UART5_ERR
 .text.Cpu_ivINT_ADC0
                0x00002638       0x18 ./Generated_Code/Cpu.o
                0x00002638                Cpu_ivINT_ADC0
 .text.Cpu_ivINT_ADC1
                0x00002650       0x18 ./Generated_Code/Cpu.o
                0x00002650                Cpu_ivINT_ADC1
 .text.Cpu_ivINT_CMP0
                0x00002668       0x18 ./Generated_Code/Cpu.o
                0x00002668                Cpu_ivINT_CMP0
 .text.Cpu_ivINT_CMP1
                0x00002680       0x18 ./Generated_Code/Cpu.o
                0x00002680                Cpu_ivINT_CMP1
 .text.Cpu_ivINT_CMP2
                0x00002698       0x18 ./Generated_Code/Cpu.o
                0x00002698                Cpu_ivINT_CMP2
 .text.Cpu_ivINT_FTM0
                0x000026b0       0x18 ./Generated_Code/Cpu.o
                0x000026b0                Cpu_ivINT_FTM0
 .text.Cpu_ivINT_FTM1
                0x000026c8       0x18 ./Generated_Code/Cpu.o
                0x000026c8                Cpu_ivINT_FTM1
 .text.Cpu_ivINT_FTM2
                0x000026e0       0x18 ./Generated_Code/Cpu.o
                0x000026e0                Cpu_ivINT_FTM2
 .text.Cpu_ivINT_CMT
                0x000026f8       0x18 ./Generated_Code/Cpu.o
                0x000026f8                Cpu_ivINT_CMT
 .text.Cpu_ivINT_RTC
                0x00002710       0x18 ./Generated_Code/Cpu.o
                0x00002710                Cpu_ivINT_RTC
 .text.Cpu_ivINT_RTC_Seconds
                0x00002728       0x18 ./Generated_Code/Cpu.o
                0x00002728                Cpu_ivINT_RTC_Seconds
 .text.Cpu_ivINT_PIT1
                0x00002740       0x18 ./Generated_Code/Cpu.o
                0x00002740                Cpu_ivINT_PIT1
 .text.Cpu_ivINT_PIT2
                0x00002758       0x18 ./Generated_Code/Cpu.o
                0x00002758                Cpu_ivINT_PIT2
 .text.Cpu_ivINT_PIT3
                0x00002770       0x18 ./Generated_Code/Cpu.o
                0x00002770                Cpu_ivINT_PIT3
 .text.Cpu_ivINT_PDB0
                0x00002788       0x18 ./Generated_Code/Cpu.o
                0x00002788                Cpu_ivINT_PDB0
 .text.Cpu_ivINT_USB0
                0x000027a0       0x18 ./Generated_Code/Cpu.o
                0x000027a0                Cpu_ivINT_USB0
 .text.Cpu_ivINT_USBDCD
                0x000027b8       0x18 ./Generated_Code/Cpu.o
                0x000027b8                Cpu_ivINT_USBDCD
 .text.Cpu_ivINT_ENET_1588_Timer
                0x000027d0       0x18 ./Generated_Code/Cpu.o
                0x000027d0                Cpu_ivINT_ENET_1588_Timer
 .text.Cpu_ivINT_ENET_Transmit
                0x000027e8       0x18 ./Generated_Code/Cpu.o
                0x000027e8                Cpu_ivINT_ENET_Transmit
 .text.Cpu_ivINT_ENET_Receive
                0x00002800       0x18 ./Generated_Code/Cpu.o
                0x00002800                Cpu_ivINT_ENET_Receive
 .text.Cpu_ivINT_ENET_Error
                0x00002818       0x18 ./Generated_Code/Cpu.o
                0x00002818                Cpu_ivINT_ENET_Error
 .text.Cpu_ivINT_Reserved95
                0x00002830       0x18 ./Generated_Code/Cpu.o
                0x00002830                Cpu_ivINT_Reserved95
 .text.Cpu_ivINT_SDHC
                0x00002848       0x18 ./Generated_Code/Cpu.o
                0x00002848                Cpu_ivINT_SDHC
 .text.Cpu_ivINT_DAC0
                0x00002860       0x18 ./Generated_Code/Cpu.o
                0x00002860                Cpu_ivINT_DAC0
 .text.Cpu_ivINT_DAC1
                0x00002878       0x18 ./Generated_Code/Cpu.o
                0x00002878                Cpu_ivINT_DAC1
 .text.Cpu_ivINT_TSI0
                0x00002890       0x18 ./Generated_Code/Cpu.o
                0x00002890                Cpu_ivINT_TSI0
 .text.Cpu_ivINT_MCG
                0x000028a8       0x18 ./Generated_Code/Cpu.o
                0x000028a8                Cpu_ivINT_MCG
 .text.Cpu_ivINT_LPTimer
                0x000028c0       0x18 ./Generated_Code/Cpu.o
                0x000028c0                Cpu_ivINT_LPTimer
 .text.Cpu_ivINT_Reserved102
                0x000028d8       0x18 ./Generated_Code/Cpu.o
                0x000028d8                Cpu_ivINT_Reserved102
 .text.Cpu_ivINT_PORTA
                0x000028f0       0x18 ./Generated_Code/Cpu.o
                0x000028f0                Cpu_ivINT_PORTA
 .text.Cpu_ivINT_PORTB
                0x00002908       0x18 ./Generated_Code/Cpu.o
                0x00002908                Cpu_ivINT_PORTB
 .text.Cpu_ivINT_PORTC
                0x00002920       0x18 ./Generated_Code/Cpu.o
                0x00002920                Cpu_ivINT_PORTC
 .text.Cpu_ivINT_PORTD
                0x00002938       0x18 ./Generated_Code/Cpu.o
                0x00002938                Cpu_ivINT_PORTD
 .text.Cpu_ivINT_PORTE
                0x00002950       0x18 ./Generated_Code/Cpu.o
                0x00002950                Cpu_ivINT_PORTE
 .text.Cpu_ivINT_PORTF
                0x00002968       0x18 ./Generated_Code/Cpu.o
                0x00002968                Cpu_ivINT_PORTF
 .text.Cpu_ivINT_DDR
                0x00002980       0x18 ./Generated_Code/Cpu.o
                0x00002980                Cpu_ivINT_DDR
 .text.Cpu_ivINT_SWI
                0x00002998       0x18 ./Generated_Code/Cpu.o
                0x00002998                Cpu_ivINT_SWI
 .text.Cpu_ivINT_NFC
                0x000029b0       0x18 ./Generated_Code/Cpu.o
                0x000029b0                Cpu_ivINT_NFC
 .text.Cpu_ivINT_USBHS
                0x000029c8       0x18 ./Generated_Code/Cpu.o
                0x000029c8                Cpu_ivINT_USBHS
 .text.Cpu_ivINT_LCD
                0x000029e0       0x18 ./Generated_Code/Cpu.o
                0x000029e0                Cpu_ivINT_LCD
 .text.Cpu_ivINT_CMP3
                0x000029f8       0x18 ./Generated_Code/Cpu.o
                0x000029f8                Cpu_ivINT_CMP3
 .text.Cpu_ivINT_Reserved115
                0x00002a10       0x18 ./Generated_Code/Cpu.o
                0x00002a10                Cpu_ivINT_Reserved115
 .text.Cpu_ivINT_Reserved116
                0x00002a28       0x18 ./Generated_Code/Cpu.o
                0x00002a28                Cpu_ivINT_Reserved116
 .text.Cpu_ivINT_FTM3
                0x00002a40       0x18 ./Generated_Code/Cpu.o
                0x00002a40                Cpu_ivINT_FTM3
 .text.Cpu_ivINT_ADC2
                0x00002a58       0x18 ./Generated_Code/Cpu.o
                0x00002a58                Cpu_ivINT_ADC2
 .text.Cpu_ivINT_ADC3
                0x00002a70       0x18 ./Generated_Code/Cpu.o
                0x00002a70                Cpu_ivINT_ADC3
 .text.Cpu_ivINT_I2S1_Tx
                0x00002a88       0x18 ./Generated_Code/Cpu.o
                0x00002a88                Cpu_ivINT_I2S1_Tx
 .text.Cpu_ivINT_I2S1_Rx
                0x00002aa0       0x18 ./Generated_Code/Cpu.o
                0x00002aa0                Cpu_ivINT_I2S1_Rx
 .text.__init_hardware
                0x00002ab8      0xb4c ./Generated_Code/Cpu.o
                0x00002ab8                __init_hardware
 .text.Cpu_SetBASEPRI
                0x00003604       0x18 ./Generated_Code/Cpu.o
                0x00003604                Cpu_SetBASEPRI
 .text.PE_low_level_init
                0x0000361c      0x270 ./Generated_Code/Cpu.o
                0x0000361c                PE_low_level_init
 .text.Bit2_Init
                0x0000388c       0x6c ./Generated_Code/Bit2.o
                0x0000388c                Bit2_Init
 .text.Bit1_Init
                0x000038f8       0x6c ./Generated_Code/Bit1.o
                0x000038f8                Bit1_Init
 .text.ASerialLdd1_Init
                0x00003964      0x2c0 ./Generated_Code/ASerialLdd1.o
                0x00003964                ASerialLdd1_Init
 .text.ASerialLdd1_ReceiveBlock
                0x00003c24       0xbc ./Generated_Code/ASerialLdd1.o
                0x00003c24                ASerialLdd1_ReceiveBlock
 .text.ASerialLdd1_SendBlock
                0x00003ce0       0xfc ./Generated_Code/ASerialLdd1.o
                0x00003ce0                ASerialLdd1_SendBlock
 .text.InterruptRx
                0x00003ddc       0x64 ./Generated_Code/ASerialLdd1.o
 .text.InterruptTx
                0x00003e40       0xa4 ./Generated_Code/ASerialLdd1.o
 .text.ASerialLdd1_Interrupt
                0x00003ee4      0x150 ./Generated_Code/ASerialLdd1.o
                0x00003ee4                ASerialLdd1_Interrupt
 .text.ASerialLdd1_GetError
                0x00004034       0x98 ./Generated_Code/ASerialLdd1.o
                0x00004034                ASerialLdd1_GetError
 .text.HWEnDi   0x000040cc       0x24 ./Generated_Code/AS1.o
 .text.AS1_RecvChar
                0x000040f0      0x140 ./Generated_Code/AS1.o
                0x000040f0                AS1_RecvChar
 .text.AS1_Init
                0x00004230       0x80 ./Generated_Code/AS1.o
                0x00004230                AS1_Init
 .text.ASerialLdd1_OnBlockReceived
                0x000042b0      0x10c ./Generated_Code/AS1.o
                0x000042b0                ASerialLdd1_OnBlockReceived
 .text.ASerialLdd1_OnBlockSent
                0x000043bc      0x124 ./Generated_Code/AS1.o
                0x000043bc                ASerialLdd1_OnBlockSent
 .text.ASerialLdd1_OnError
                0x000044e0       0xd8 ./Generated_Code/AS1.o
                0x000044e0                ASerialLdd1_OnError
 .text.ASerialLdd1_OnBreak
                0x000045b8       0x2c ./Generated_Code/AS1.o
                0x000045b8                ASerialLdd1_OnBreak
 .text.zero_fill_bss
                0x000045e4       0x2c ./Project_Settings/Startup_Code/__arm_start.o
 .text.__thumb_startup
                0x00004610       0x34 ./Project_Settings/Startup_Code/__arm_start.o
                0x00004610                __thumb_startup
 .text._ExitProcess
                0x00004644        0xc ./Project_Settings/Startup_Code/__arm_end.o
                0x00004644                _ExitProcess
 .text.main     0x00004650       0x20 ./Sources/main.o
                0x00004650                main
 .text.key_scan
                0x00004670       0xf8 ./Sources/key.o
                0x00004670                key_scan
 .text.TU1_OnCounterRestart
                0x00004768       0xbc ./Sources/Events.o
                0x00004768                TU1_OnCounterRestart
 .text.AS1_OnError
                0x00004824        0xc ./Sources/Events.o
                0x00004824                AS1_OnError
 .text.AS1_OnRxChar
                0x00004830       0x5c ./Sources/Events.o
                0x00004830                AS1_OnRxChar
 .text.AS1_OnTxChar
                0x0000488c        0xc ./Sources/Events.o
                0x0000488c                AS1_OnTxChar
 .text.AS1_OnFullRxBuf
                0x00004898        0xc ./Sources/Events.o
                0x00004898                AS1_OnFullRxBuf
 .text.AS1_OnFreeTxBuf
                0x000048a4        0xc ./Sources/Events.o
                0x000048a4                AS1_OnFreeTxBuf
 .text.AppStartRTOS
                0x000048b0       0x20 ./Sources/AppTask.o
                0x000048b0                AppStartRTOS
 .text.LCDTask  0x000048d0       0x74 ./Sources/AppTask.o
                0x000048d0                LCDTask
 .text._cbDialog
                0x00004944       0x90 ./Sources/AppDisplay.o
 .text.CreateWindow
                0x000049d4       0x40 ./Sources/AppDisplay.o
                0x000049d4                CreateWindow
 .text.LCD_X_Config
                0x00004a14       0x9c ./emwin_548/emwin_config/LCDConf.o
                0x00004a14                LCD_X_Config
 .text.LCD_X_DisplayDriver
                0x00004ab0      0x10c ./emwin_548/emwin_config/LCDConf.o
                0x00004ab0                LCD_X_DisplayDriver
 .text._CopyBuffer
                0x00004bbc       0x64 ./emwin_548/emwin_config/LCDConf.o
 .text.GUI_X_Delay
                0x00004c20       0x38 ./emwin_548/emwin_config/GUI_X.o
                0x00004c20                GUI_X_Delay
 .text.GUI_X_Init
                0x00004c58        0xc ./emwin_548/emwin_config/GUI_X.o
                0x00004c58                GUI_X_Init
 .text.GUI_X_Config
                0x00004c64       0x2c ./emwin_548/emwin_config/GUIConf.o
                0x00004c64                GUI_X_Config
 .text.WINDOW_Callback
                0x00004c90      0x110 E:/Workspace/MK70_Try/PE_Test/emwin_548/emwin_library\libemwin_M4F.a(WINDOW.o)
                0x00004c90                WINDOW_Callback
 .text.WINDOW_SetBkColor
                0x00004da0       0x1e E:/Workspace/MK70_Try/PE_Test/emwin_548/emwin_library\libemwin_M4F.a(WINDOW.o)
                0x00004da0                WINDOW_SetBkColor
 *fill*         0x00004dbe        0x2 00
 .text.WINDOW_CreateUser
                0x00004dc0       0x50 E:/Workspace/MK70_Try/PE_Test/emwin_548/emwin_library\libemwin_M4F.a(WINDOW.o)
                0x00004dc0                WINDOW_CreateUser
 .text.WINDOW_CreateIndirect
                0x00004e10       0x3c E:/Workspace/MK70_Try/PE_Test/emwin_548/emwin_library\libemwin_M4F.a(WINDOW.o)
                0x00004e10                WINDOW_CreateIndirect
 .text.GUI_CreateDialogBox
                0x00004e4c       0xa8 E:/Workspace/MK70_Try/PE_Test/emwin_548/emwin_library\libemwin_M4F.a(DIALOG.o)
                0x00004e4c                GUI_CreateDialogBox
 .text._GetRect
                0x00004ef4       0x16 E:/Workspace/MK70_Try/PE_Test/emwin_548/emwin_library\libemwin_M4F.a(GUIDRV_Lin_32.o)
 .text._SetPixelIndex
                0x00004f0a       0x12 E:/Workspace/MK70_Try/PE_Test/emwin_548/emwin_library\libemwin_M4F.a(GUIDRV_Lin_32.o)
 .text._GetPixelIndex
                0x00004f1c       0x10 E:/Workspace/MK70_Try/PE_Test/emwin_548/emwin_library\libemwin_M4F.a(GUIDRV_Lin_32.o)
 .text._XorPixel
                0x00004f2c       0x28 E:/Workspace/MK70_Try/PE_Test/emwin_548/emwin_library\libemwin_M4F.a(GUIDRV_Lin_32.o)
 .text._FillRect
                0x00004f54      0x138 E:/Workspace/MK70_Try/PE_Test/emwin_548/emwin_library\libemwin_M4F.a(GUIDRV_Lin_32.o)
 .text._DrawHLine
                0x0000508c        0xe E:/Workspace/MK70_Try/PE_Test/emwin_548/emwin_library\libemwin_M4F.a(GUIDRV_Lin_32.o)
 .text._DrawVLine
                0x0000509a       0x10 E:/Workspace/MK70_Try/PE_Test/emwin_548/emwin_library\libemwin_M4F.a(GUIDRV_Lin_32.o)
 .text._GetDevProp
                0x000050aa       0x3c E:/Workspace/MK70_Try/PE_Test/emwin_548/emwin_library\libemwin_M4F.a(GUIDRV_Lin_32.o)
 *fill*         0x000050e6        0x2 00
 .text._GetDevData
                0x000050e8       0x1c E:/Workspace/MK70_Try/PE_Test/emwin_548/emwin_library\libemwin_M4F.a(GUIDRV_Lin_32.o)
 .text._ReadRect
                0x00005104       0x46 E:/Workspace/MK70_Try/PE_Test/emwin_548/emwin_library\libemwin_M4F.a(GUIDRV_Lin_32.o)
 *fill*         0x0000514a        0x2 00
 .text._GetDevFunc
                0x0000514c       0xe8 E:/Workspace/MK70_Try/PE_Test/emwin_548/emwin_library\libemwin_M4F.a(GUIDRV_Lin_32.o)
 .text._SetChroma
                0x00005234       0x16 E:/Workspace/MK70_Try/PE_Test/emwin_548/emwin_library\libemwin_M4F.a(GUIDRV_Lin_32.o)
 .text._SetChromaMode
                0x0000524a       0x14 E:/Workspace/MK70_Try/PE_Test/emwin_548/emwin_library\libemwin_M4F.a(GUIDRV_Lin_32.o)
 .text._SetAlphaMode
                0x0000525e       0x14 E:/Workspace/MK70_Try/PE_Test/emwin_548/emwin_library\libemwin_M4F.a(GUIDRV_Lin_32.o)
 .text._Off     0x00005272        0xa E:/Workspace/MK70_Try/PE_Test/emwin_548/emwin_library\libemwin_M4F.a(GUIDRV_Lin_32.o)
 .text._On      0x0000527c        0xa E:/Workspace/MK70_Try/PE_Test/emwin_548/emwin_library\libemwin_M4F.a(GUIDRV_Lin_32.o)
 .text._SetOrg  0x00005286       0xa8 E:/Workspace/MK70_Try/PE_Test/emwin_548/emwin_library\libemwin_M4F.a(GUIDRV_Lin_32.o)
 *fill*         0x0000532e        0x2 00
 .text._DrawBitmap
                0x00005330      0x4c8 E:/Workspace/MK70_Try/PE_Test/emwin_548/emwin_library\libemwin_M4F.a(GUIDRV_Lin_32.o)
 .text._InitOnce.isra.4
                0x000057f8       0x22 E:/Workspace/MK70_Try/PE_Test/emwin_548/emwin_library\libemwin_M4F.a(GUIDRV_Lin_32.o)
 .text._SetDevFunc
                0x0000581a       0x4c E:/Workspace/MK70_Try/PE_Test/emwin_548/emwin_library\libemwin_M4F.a(GUIDRV_Lin_32.o)
 *fill*         0x00005866        0x2 00
 .text._CopyBuffer
                0x00005868       0x64 E:/Workspace/MK70_Try/PE_Test/emwin_548/emwin_library\libemwin_M4F.a(GUIDRV_Lin_32.o)
 .text._GetPos  0x000058cc       0x1c E:/Workspace/MK70_Try/PE_Test/emwin_548/emwin_library\libemwin_M4F.a(GUIDRV_Lin_32.o)
 .text._SetVSize
                0x000058e8       0x1a E:/Workspace/MK70_Try/PE_Test/emwin_548/emwin_library\libemwin_M4F.a(GUIDRV_Lin_32.o)
 .text._SetVRAM_BufferPTR
                0x00005902       0x18 E:/Workspace/MK70_Try/PE_Test/emwin_548/emwin_library\libemwin_M4F.a(GUIDRV_Lin_32.o)
 .text._ShowBuffer
                0x0000591a       0x24 E:/Workspace/MK70_Try/PE_Test/emwin_548/emwin_library\libemwin_M4F.a(GUIDRV_Lin_32.o)
 .text._Init    0x0000593e       0x1a E:/Workspace/MK70_Try/PE_Test/emwin_548/emwin_library\libemwin_M4F.a(GUIDRV_Lin_32.o)
 .text._SetVis  0x00005958       0x26 E:/Workspace/MK70_Try/PE_Test/emwin_548/emwin_library\libemwin_M4F.a(GUIDRV_Lin_32.o)
 .text._SetAlpha
                0x0000597e       0x26 E:/Workspace/MK70_Try/PE_Test/emwin_548/emwin_library\libemwin_M4F.a(GUIDRV_Lin_32.o)
 .text._SetSize
                0x000059a4       0x34 E:/Workspace/MK70_Try/PE_Test/emwin_548/emwin_library\libemwin_M4F.a(GUIDRV_Lin_32.o)
 .text._SetVRAMAddr
                0x000059d8       0x28 E:/Workspace/MK70_Try/PE_Test/emwin_548/emwin_library\libemwin_M4F.a(GUIDRV_Lin_32.o)
 .text._SetPos  0x00005a00       0xf2 E:/Workspace/MK70_Try/PE_Test/emwin_548/emwin_library\libemwin_M4F.a(GUIDRV_Lin_32.o)
 .text._GetPrevChild
                0x00005af2       0x1e E:/Workspace/MK70_Try/PE_Test/emwin_548/emwin_library\libemwin_M4F.a(WM_SetFocusOnPrevChild.o)
 .text.WM_SetFocusOnPrevChild
                0x00005b10       0x38 E:/Workspace/MK70_Try/PE_Test/emwin_548/emwin_library\libemwin_M4F.a(WM_SetFocusOnPrevChild.o)
                0x00005b10                WM_SetFocusOnPrevChild
 .text._GetNextChild
                0x00005b48       0x26 E:/Workspace/MK70_Try/PE_Test/emwin_548/emwin_library\libemwin_M4F.a(WM_SetFocusOnNextChild.o)
 .text.WM_SetFocusOnNextChild
                0x00005b6e       0x46 E:/Workspace/MK70_Try/PE_Test/emwin_548/emwin_library\libemwin_M4F.a(WM_SetFocusOnNextChild.o)
                0x00005b6e                WM_SetFocusOnNextChild
 .text._Findy1  0x00005bb4       0x9c E:/Workspace/MK70_Try/PE_Test/emwin_548/emwin_library\libemwin_M4F.a(WM.o)
 .text._Findx0  0x00005c50       0x86 E:/Workspace/MK70_Try/PE_Test/emwin_548/emwin_library\libemwin_M4F.a(WM.o)
 .text._Findx1  0x00005cd6       0x74 E:/Workspace/MK70_Try/PE_Test/emwin_548/emwin_library\libemwin_M4F.a(WM.o)
 *fill*         0x00005d4a        0x2 00
 .text._OnExit  0x00005d4c       0xa8 E:/Workspace/MK70_Try/PE_Test/emwin_548/emwin_library\libemwin_M4F.a(WM.o)
 .text.WM__ClipAtParentBorders
                0x00005df4       0x50 E:/Workspace/MK70_Try/PE_Test/emwin_548/emwin_library\libemwin_M4F.a(WM.o)
                0x00005df4                WM__ClipAtParentBorders
 .text.WM__InsertWindowIntoList
                0x00005e44       0x9c E:/Workspace/MK70_Try/PE_Test/emwin_548/emwin_library\libemwin_M4F.a(WM.o)
                0x00005e44                WM__InsertWindowIntoList
 .text.WM__RemoveWindowFromList
                0x00005ee0       0x3c E:/Workspace/MK70_Try/PE_Test/emwin_548/emwin_library\libemwin_M4F.a(WM.o)
                0x00005ee0                WM__RemoveWindowFromList
 .text.WM__Client2Screen
                0x00005f1c       0x10 E:/Workspace/MK70_Try/PE_Test/emwin_548/emwin_library\libemwin_M4F.a(WM.o)
                0x00005f1c                WM__Client2Screen
 .text._SetClipRectUserIntersect
                0x00005f2c       0x4c E:/Workspace/MK70_Try/PE_Test/emwin_548/emwin_library\libemwin_M4F.a(WM.o)
 .text.WM__ActivateClipRect
                0x00005f78       0x48 E:/Workspace/MK70_Try/PE_Test/emwin_548/emwin_library\libemwin_M4F.a(WM.o)
                0x00005f78                WM__ActivateClipRect
 .text.WM__IsWindow
                0x00005fc0       0x20 E:/Workspace/MK70_Try/PE_Test/emwin_548/emwin_library\libemwin_M4F.a(WM.o)
                0x00005fc0                WM__IsWindow
 .text.WM__InvalidateDrawAndDescs
                0x00005fe0       0x54 E:/Workspace/MK70_Try/PE_Test/emwin_548/emwin_library\libemwin_M4F.a(WM.o)
                0x00005fe0                WM__InvalidateDrawAndDescs
 .text.WM__RectIsNZ
                0x00006034       0x22 E:/Workspace/MK70_Try/PE_Test/emwin_548/emwin_library\libemwin_M4F.a(WM.o)
                0x00006034                WM__RectIsNZ
 *fill*         0x00006056        0x2 00
 .text._Invalidate1Abs
                0x00006058       0x8c E:/Workspace/MK70_Try/PE_Test/emwin_548/emwin_library\libemwin_M4F.a(WM.o)
 .text.WM__Invalidate1Abs
                0x000060e4        0x6 E:/Workspace/MK70_Try/PE_Test/emwin_548/emwin_library\libemwin_M4F.a(WM.o)
                0x000060e4                WM__Invalidate1Abs
 .text.WM_InvalidateWindowAndDescsEx
                0x000060ea       0x5e E:/Workspace/MK70_Try/PE_Test/emwin_548/emwin_library\libemwin_M4F.a(WM.o)
                0x000060ea                WM_InvalidateWindowAndDescsEx
 .text.WM__InvalidateRect
                0x00006148       0x80 E:/Workspace/MK70_Try/PE_Test/emwin_548/emwin_library\libemwin_M4F.a(WM.o)
                0x00006148                WM__InvalidateRect
 .text.WM__InvalidateParent
                0x000061c8       0x2a E:/Workspace/MK70_Try/PE_Test/emwin_548/emwin_library\libemwin_M4F.a(WM.o)
                0x000061c8                WM__InvalidateParent
 .text.WM__InvalidateRectEx
                0x000061f2        0x6 E:/Workspace/MK70_Try/PE_Test/emwin_548/emwin_library\libemwin_M4F.a(WM.o)
                0x000061f2                WM__InvalidateRectEx
 .text.WM__DetachWindow
                0x000061f8       0x2a E:/Workspace/MK70_Try/PE_Test/emwin_548/emwin_library\libemwin_M4F.a(WM.o)
                0x000061f8                WM__DetachWindow
 .text.WM_SendMessage
                0x00006222        0x8 E:/Workspace/MK70_Try/PE_Test/emwin_548/emwin_library\libemwin_M4F.a(WM.o)
                0x00006222                WM_SendMessage
 .text.WM__SendMsgNoData
                0x0000622a       0x12 E:/Workspace/MK70_Try/PE_Test/emwin_548/emwin_library\libemwin_M4F.a(WM.o)
                0x0000622a                WM__SendMsgNoData
 .text.WM__GetClientRectWin
                0x0000623c       0x18 E:/Workspace/MK70_Try/PE_Test/emwin_548/emwin_library\libemwin_M4F.a(WM.o)
                0x0000623c                WM__GetClientRectWin
 .text.WM_InvalidateRect
                0x00006254       0x7e E:/Workspace/MK70_Try/PE_Test/emwin_548/emwin_library\libemwin_M4F.a(WM.o)
                0x00006254                WM_InvalidateRect
 .text.WM_InvalidateWindow
                0x000062d2        0x6 E:/Workspace/MK70_Try/PE_Test/emwin_548/emwin_library\libemwin_M4F.a(WM.o)
                0x000062d2                WM_InvalidateWindow
 .text.WM_SelectWindow
                0x000062d8       0x38 E:/Workspace/MK70_Try/PE_Test/emwin_548/emwin_library\libemwin_M4F.a(WM.o)
                0x000062d8                WM_SelectWindow
 .text.WM_CreateWindowAsChild
                0x00006310      0x154 E:/Workspace/MK70_Try/PE_Test/emwin_548/emwin_library\libemwin_M4F.a(WM.o)
                0x00006310                WM_CreateWindowAsChild
 .text.WM_CreateWindow
                0x00006464       0x1a E:/Workspace/MK70_Try/PE_Test/emwin_548/emwin_library\libemwin_M4F.a(WM.o)
                0x00006464                WM_CreateWindow
 *fill*         0x0000647e        0x2 00
 .text.WM_DeleteWindow
                0x00006480      0x100 E:/Workspace/MK70_Try/PE_Test/emwin_548/emwin_library\libemwin_M4F.a(WM.o)
                0x00006480                WM_DeleteWindow
 .text.WM__GetNextIVR
                0x00006580      0x15c E:/Workspace/MK70_Try/PE_Test/emwin_548/emwin_library\libemwin_M4F.a(WM.o)
                0x00006580                WM__GetNextIVR
 .text.WM__InitIVRSearch
                0x000066dc       0xfc E:/Workspace/MK70_Try/PE_Test/emwin_548/emwin_library\libemwin_M4F.a(WM.o)
                0x000066dc                WM__InitIVRSearch
 .text.WM_Activate
                0x000067d8       0x10 E:/Workspace/MK70_Try/PE_Test/emwin_548/emwin_library\libemwin_M4F.a(WM.o)
                0x000067d8                WM_Activate
 .text.WM_DefaultProc
                0x000067e8       0x4c E:/Workspace/MK70_Try/PE_Test/emwin_548/emwin_library\libemwin_M4F.a(WM.o)
                0x000067e8                WM_DefaultProc
 .text._cbBackWin
                0x00006834       0x48 E:/Workspace/MK70_Try/PE_Test/emwin_548/emwin_library\libemwin_M4F.a(WM.o)
 .text.WM_Init  0x0000687c       0xbc E:/Workspace/MK70_Try/PE_Test/emwin_548/emwin_library\libemwin_M4F.a(WM.o)
                0x0000687c                WM_Init
 .text.WM__ForEachDesc
                0x00006938       0x2a E:/Workspace/MK70_Try/PE_Test/emwin_548/emwin_library\libemwin_M4F.a(WM__Private.o)
                0x00006938                WM__ForEachDesc
 .text.WM__GetFirstSibling
                0x00006962       0x14 E:/Workspace/MK70_Try/PE_Test/emwin_548/emwin_library\libemwin_M4F.a(WM__Private.o)
                0x00006962                WM__GetFirstSibling
 .text.WM__GetLastSibling
                0x00006976       0x1a E:/Workspace/MK70_Try/PE_Test/emwin_548/emwin_library\libemwin_M4F.a(WM__Private.o)
                0x00006976                WM__GetLastSibling
 .text.WM__GetPrevSibling
                0x00006990       0x28 E:/Workspace/MK70_Try/PE_Test/emwin_548/emwin_library\libemwin_M4F.a(WM__Private.o)
                0x00006990                WM__GetPrevSibling
 .text.WM__IsAncestor
                0x000069b8       0x1e E:/Workspace/MK70_Try/PE_Test/emwin_548/emwin_library\libemwin_M4F.a(WM__Private.o)
                0x000069b8                WM__IsAncestor
 .text.WM__IsAncestorOrSelf
                0x000069d6        0xc E:/Workspace/MK70_Try/PE_Test/emwin_548/emwin_library\libemwin_M4F.a(WM__Private.o)
                0x000069d6                WM__IsAncestorOrSelf
 .text.WM__IsChild
                0x000069e2       0x28 E:/Workspace/MK70_Try/PE_Test/emwin_548/emwin_library\libemwin_M4F.a(WM__Private.o)
                0x000069e2                WM__IsChild
 *fill*         0x00006a0a        0x2 00
 .text.WM__GetFocusedChild
                0x00006a0c       0x18 E:/Workspace/MK70_Try/PE_Test/emwin_548/emwin_library\libemwin_M4F.a(WM__Private.o)
                0x00006a0c                WM__GetFocusedChild
 .text.WM__SendMessage
                0x00006a24       0x38 E:/Workspace/MK70_Try/PE_Test/emwin_548/emwin_library\libemwin_M4F.a(WM__Private.o)
                0x00006a24                WM__SendMessage
 .text.WM__SendMessageNoPara
                0x00006a5c       0x28 E:/Workspace/MK70_Try/PE_Test/emwin_548/emwin_library\libemwin_M4F.a(WM__Private.o)
                0x00006a5c                WM__SendMessageNoPara
 .text.WM__UpdateChildPositions
                0x00006a84       0xe6 E:/Workspace/MK70_Try/PE_Test/emwin_548/emwin_library\libemwin_M4F.a(WM__Private.o)
                0x00006a84                WM__UpdateChildPositions
 *fill*         0x00006b6a        0x2 00
 .text.WM__AddCriticalHandle
                0x00006b6c       0x10 E:/Workspace/MK70_Try/PE_Test/emwin_548/emwin_library\libemwin_M4F.a(WM__Private.o)
                0x00006b6c                WM__AddCriticalHandle
 .text.WM__GetClientRectEx
                0x00006b7c       0x1e E:/Workspace/MK70_Try/PE_Test/emwin_548/emwin_library\libemwin_M4F.a(WM__Private.o)
                0x00006b7c                WM__GetClientRectEx
 .text.WM_ForEachDesc
                0x00006b9a        0x4 E:/Workspace/MK70_Try/PE_Test/emwin_548/emwin_library\libemwin_M4F.a(WM_Lib.o)
                0x00006b9a                WM_ForEachDesc
 *fill*         0x00006b9e        0x2 00
 .text.WM_GetClientRect
                0x00006ba0       0x1c E:/Workspace/MK70_Try/PE_Test/emwin_548/emwin_library\libemwin_M4F.a(WM_Lib.o)
                0x00006ba0                WM_GetClientRect
 .text.WM_GetClientWindow
                0x00006bbc       0x18 E:/Workspace/MK70_Try/PE_Test/emwin_548/emwin_library\libemwin_M4F.a(WM_Lib.o)
                0x00006bbc                WM_GetClientWindow
 .text.WM_GetDesktopWindow
                0x00006bd4        0xc E:/Workspace/MK70_Try/PE_Test/emwin_548/emwin_library\libemwin_M4F.a(WM_Lib.o)
                0x00006bd4                WM_GetDesktopWindow
 .text.WM_GetFirstChild
                0x00006be0       0x10 E:/Workspace/MK70_Try/PE_Test/emwin_548/emwin_library\libemwin_M4F.a(WM_Lib.o)
                0x00006be0                WM_GetFirstChild
 .text.WM_GetFocusedWindow
                0x00006bf0        0xc E:/Workspace/MK70_Try/PE_Test/emwin_548/emwin_library\libemwin_M4F.a(WM_Lib.o)
                0x00006bf0                WM_GetFocusedWindow
 .text.WM_GetParent
                0x00006bfc       0x10 E:/Workspace/MK70_Try/PE_Test/emwin_548/emwin_library\libemwin_M4F.a(WM_Lib.o)
                0x00006bfc                WM_GetParent
 .text.WM_BringToBottom
                0x00006c0c       0x88 E:/Workspace/MK70_Try/PE_Test/emwin_548/emwin_library\libemwin_M4F.a(WM_Lib.o)
                0x00006c0c                WM_BringToBottom
 .text.WM_HasFocus
                0x00006c94       0x10 E:/Workspace/MK70_Try/PE_Test/emwin_548/emwin_library\libemwin_M4F.a(WM_Lib.o)
                0x00006c94                WM_HasFocus
 .text.WM_IsFocusable
                0x00006ca4       0x2e E:/Workspace/MK70_Try/PE_Test/emwin_548/emwin_library\libemwin_M4F.a(WM_Lib.o)
                0x00006ca4                WM_IsFocusable
 .text.WM_IsWindow
                0x00006cd2        0x4 E:/Workspace/MK70_Try/PE_Test/emwin_548/emwin_library\libemwin_M4F.a(WM_Lib.o)
                0x00006cd2                WM_IsWindow
 .text.WM_NotifyParent
                0x00006cd6       0x1c E:/Workspace/MK70_Try/PE_Test/emwin_548/emwin_library\libemwin_M4F.a(WM_Lib.o)
                0x00006cd6                WM_NotifyParent
 .text.WM_ResizeWindow
                0x00006cf2       0xf8 E:/Workspace/MK70_Try/PE_Test/emwin_548/emwin_library\libemwin_M4F.a(WM_Lib.o)
                0x00006cf2                WM_ResizeWindow
 .text.WM_SendMessageNoPara
                0x00006dea        0x4 E:/Workspace/MK70_Try/PE_Test/emwin_548/emwin_library\libemwin_M4F.a(WM_Lib.o)
                0x00006dea                WM_SendMessageNoPara
 .text.WM_SendToParent
                0x00006dee       0x1c E:/Workspace/MK70_Try/PE_Test/emwin_548/emwin_library\libemwin_M4F.a(WM_Lib.o)
                0x00006dee                WM_SendToParent
 *fill*         0x00006e0a        0x2 00
 .text.WM_SetFocus
                0x00006e0c       0x8c E:/Workspace/MK70_Try/PE_Test/emwin_548/emwin_library\libemwin_M4F.a(WM_Lib.o)
                0x00006e0c                WM_SetFocus
 .text.WM_InvalidateWindowAndDescs
                0x00006e98       0x26 E:/Workspace/MK70_Try/PE_Test/emwin_548/emwin_library\libemwin_M4F.a(WM_Lib.o)
                0x00006e98                WM_InvalidateWindowAndDescs
 .text.WM_ShowWindow
                0x00006ebe       0x28 E:/Workspace/MK70_Try/PE_Test/emwin_548/emwin_library\libemwin_M4F.a(WM_Lib.o)
                0x00006ebe                WM_ShowWindow
 .text._MoveDescendents
                0x00006ee6       0x6e E:/Workspace/MK70_Try/PE_Test/emwin_548/emwin_library\libemwin_M4F.a(WM_Move.o)
 .text.WM__MoveWindow
                0x00006f54       0xa4 E:/Workspace/MK70_Try/PE_Test/emwin_548/emwin_library\libemwin_M4F.a(WM_Move.o)
                0x00006f54                WM__MoveWindow
 .text.WM_MoveWindow
                0x00006ff8        0x4 E:/Workspace/MK70_Try/PE_Test/emwin_548/emwin_library\libemwin_M4F.a(WM_Move.o)
                0x00006ff8                WM_MoveWindow
 .text.GUI_DEVICE__GetpDriver
                0x00006ffc       0x20 E:/Workspace/MK70_Try/PE_Test/emwin_548/emwin_library\libemwin_M4F.a(GUI_Device.o)
                0x00006ffc                GUI_DEVICE__GetpDriver
 .text.GUI_DEVICE_Delete
                0x0000701c        0x4 E:/Workspace/MK70_Try/PE_Test/emwin_548/emwin_library\libemwin_M4F.a(GUI_Device.o)
                0x0000701c                GUI_DEVICE_Delete
 .text.GUI_DEVICE_Create
                0x00007020       0x4c E:/Workspace/MK70_Try/PE_Test/emwin_548/emwin_library\libemwin_M4F.a(GUI_Device.o)
                0x00007020                GUI_DEVICE_Create
 .text.GUI_DEVICE_Unlink
                0x0000706c       0x34 E:/Workspace/MK70_Try/PE_Test/emwin_548/emwin_library\libemwin_M4F.a(GUI_Device.o)
                0x0000706c                GUI_DEVICE_Unlink
 .text.GUI_DEVICE_Link
                0x000070a0       0x84 E:/Workspace/MK70_Try/PE_Test/emwin_548/emwin_library\libemwin_M4F.a(GUI_Device.o)
                0x000070a0                GUI_DEVICE_Link
 .text.GUI_DEVICE_CreateAndLink
                0x00007124       0x28 E:/Workspace/MK70_Try/PE_Test/emwin_548/emwin_library\libemwin_M4F.a(GUI_Device.o)
                0x00007124                GUI_DEVICE_CreateAndLink
 .text.GUI__IntersectRect
                0x0000714c       0x3a E:/Workspace/MK70_Try/PE_Test/emwin_548/emwin_library\libemwin_M4F.a(GUI__Private.o)
                0x0000714c                GUI__IntersectRect
 .text.GUI__IntersectRects
                0x00007186       0x54 E:/Workspace/MK70_Try/PE_Test/emwin_548/emwin_library\libemwin_M4F.a(GUI__Private.o)
                0x00007186                GUI__IntersectRects
 .text.GUI__memset
                0x000071da       0x54 E:/Workspace/MK70_Try/PE_Test/emwin_548/emwin_library\libemwin_M4F.a(GUI__Private.o)
                0x000071da                GUI__memset
 .text.GUI__ReduceRect
                0x0000722e       0x1c E:/Workspace/MK70_Try/PE_Test/emwin_548/emwin_library\libemwin_M4F.a(GUI__Private.o)
                0x0000722e                GUI__ReduceRect
 *fill*         0x0000724a        0x2 00
 .text.GUI_StoreKey
                0x0000724c       0x10 E:/Workspace/MK70_Try/PE_Test/emwin_548/emwin_library\libemwin_M4F.a(GUI_OnKey.o)
                0x0000724c                GUI_StoreKey
 .text.LCD_SetDevFunc
                0x0000725c       0x30 E:/Workspace/MK70_Try/PE_Test/emwin_548/emwin_library\libemwin_M4F.a(LCD_Set.o)
                0x0000725c                LCD_SetDevFunc
 .text.LCD_SetLUTEntryEx
                0x0000728c       0x30 E:/Workspace/MK70_Try/PE_Test/emwin_548/emwin_library\libemwin_M4F.a(LCD_Set.o)
                0x0000728c                LCD_SetLUTEntryEx
 .text.LCD_SetSizeEx
                0x000072bc       0x30 E:/Workspace/MK70_Try/PE_Test/emwin_548/emwin_library\libemwin_M4F.a(LCD_Set.o)
                0x000072bc                LCD_SetSizeEx
 .text.LCD_SetVRAMAddrEx
                0x000072ec       0x2c E:/Workspace/MK70_Try/PE_Test/emwin_548/emwin_library\libemwin_M4F.a(LCD_Set.o)
                0x000072ec                LCD_SetVRAMAddrEx
 .text.LCD_SetVSizeEx
                0x00007318       0x30 E:/Workspace/MK70_Try/PE_Test/emwin_548/emwin_library\libemwin_M4F.a(LCD_Set.o)
                0x00007318                LCD_SetVSizeEx
 .text._SetDrawMode
                0x00007348       0x28 E:/Workspace/MK70_Try/PE_Test/emwin_548/emwin_library\libemwin_M4F.a(LCD.o)
 .text.LCD_SetDrawMode
                0x00007370        0xc E:/Workspace/MK70_Try/PE_Test/emwin_548/emwin_library\libemwin_M4F.a(LCD.o)
                0x00007370                LCD_SetDrawMode
 .text.LCD_DrawPixel
                0x0000737c       0x5c E:/Workspace/MK70_Try/PE_Test/emwin_548/emwin_library\libemwin_M4F.a(LCD.o)
                0x0000737c                LCD_DrawPixel
 .text.LCD_DrawHLine
                0x000073d8       0x54 E:/Workspace/MK70_Try/PE_Test/emwin_548/emwin_library\libemwin_M4F.a(LCD.o)
                0x000073d8                LCD_DrawHLine
 .text.LCD_DrawVLine
                0x0000742c       0x54 E:/Workspace/MK70_Try/PE_Test/emwin_548/emwin_library\libemwin_M4F.a(LCD.o)
                0x0000742c                LCD_DrawVLine
 .text.LCD_FillRect
                0x00007480       0x58 E:/Workspace/MK70_Try/PE_Test/emwin_548/emwin_library\libemwin_M4F.a(LCD.o)
                0x00007480                LCD_FillRect
 .text.LCD_DrawBitmap
                0x000074d8      0x1fc E:/Workspace/MK70_Try/PE_Test/emwin_548/emwin_library\libemwin_M4F.a(LCD.o)
                0x000074d8                LCD_DrawBitmap
 .text.LCD_SetClipRectMax
                0x000076d4       0x1c E:/Workspace/MK70_Try/PE_Test/emwin_548/emwin_library\libemwin_M4F.a(LCD.o)
                0x000076d4                LCD_SetClipRectMax
 .text.LCD_Init
                0x000076f0       0x94 E:/Workspace/MK70_Try/PE_Test/emwin_548/emwin_library\libemwin_M4F.a(LCD.o)
                0x000076f0                LCD_Init
 .text.LCD_Color2Index
                0x00007784       0x1c E:/Workspace/MK70_Try/PE_Test/emwin_548/emwin_library\libemwin_M4F.a(LCD.o)
                0x00007784                LCD_Color2Index
 .text.LCD_Index2Color
                0x000077a0       0x1c E:/Workspace/MK70_Try/PE_Test/emwin_548/emwin_library\libemwin_M4F.a(LCD.o)
                0x000077a0                LCD_Index2Color
 .text.LCD_SetColorIndex
                0x000077bc       0x18 E:/Workspace/MK70_Try/PE_Test/emwin_548/emwin_library\libemwin_M4F.a(LCD.o)
                0x000077bc                LCD_SetColorIndex
 .text._SetColor
                0x000077d4       0x20 E:/Workspace/MK70_Try/PE_Test/emwin_548/emwin_library\libemwin_M4F.a(LCD.o)
 .text.LCD_SetBkColorIndex
                0x000077f4       0x18 E:/Workspace/MK70_Try/PE_Test/emwin_548/emwin_library\libemwin_M4F.a(LCD.o)
                0x000077f4                LCD_SetBkColorIndex
 .text._SetBkColor
                0x0000780c       0x20 E:/Workspace/MK70_Try/PE_Test/emwin_548/emwin_library\libemwin_M4F.a(LCD.o)
 .text.LCD_SetBkColor
                0x0000782c        0xc E:/Workspace/MK70_Try/PE_Test/emwin_548/emwin_library\libemwin_M4F.a(LCD.o)
                0x0000782c                LCD_SetBkColor
 .text.LCD_SetColor
                0x00007838        0xc E:/Workspace/MK70_Try/PE_Test/emwin_548/emwin_library\libemwin_M4F.a(LCD.o)
                0x00007838                LCD_SetColor
 .text._GetDevProp.part.0
                0x00007844       0x18 E:/Workspace/MK70_Try/PE_Test/emwin_548/emwin_library\libemwin_M4F.a(LCD_GetEx.o)
 .text._GetDevProp
                0x0000785c        0xc E:/Workspace/MK70_Try/PE_Test/emwin_548/emwin_library\libemwin_M4F.a(LCD_GetEx.o)
 .text._GetMaxValue
                0x00007868       0x10 E:/Workspace/MK70_Try/PE_Test/emwin_548/emwin_library\libemwin_M4F.a(LCD_GetEx.o)
 .text.LCD_GetBitsPerPixelEx
                0x00007878        0x6 E:/Workspace/MK70_Try/PE_Test/emwin_548/emwin_library\libemwin_M4F.a(LCD_GetEx.o)
                0x00007878                LCD_GetBitsPerPixelEx
 .text.LCD_GetNumColorsEx
                0x0000787e        0x6 E:/Workspace/MK70_Try/PE_Test/emwin_548/emwin_library\libemwin_M4F.a(LCD_GetEx.o)
                0x0000787e                LCD_GetNumColorsEx
 .text.LCD_GetMirrorXEx
                0x00007884        0x6 E:/Workspace/MK70_Try/PE_Test/emwin_548/emwin_library\libemwin_M4F.a(LCD_GetEx.o)
                0x00007884                LCD_GetMirrorXEx
 .text.LCD_GetMirrorYEx
                0x0000788a        0x6 E:/Workspace/MK70_Try/PE_Test/emwin_548/emwin_library\libemwin_M4F.a(LCD_GetEx.o)
                0x0000788a                LCD_GetMirrorYEx
 .text.LCD_GetSwapXYEx
                0x00007890        0x6 E:/Workspace/MK70_Try/PE_Test/emwin_548/emwin_library\libemwin_M4F.a(LCD_GetEx.o)
                0x00007890                LCD_GetSwapXYEx
 *fill*         0x00007896        0x2 00
 .text.LCD_GetBitsPerPixel
                0x00007898       0x10 E:/Workspace/MK70_Try/PE_Test/emwin_548/emwin_library\libemwin_M4F.a(LCD_GetEx.o)
                0x00007898                LCD_GetBitsPerPixel
 .text.LCD_GetNumColors
                0x000078a8       0x10 E:/Workspace/MK70_Try/PE_Test/emwin_548/emwin_library\libemwin_M4F.a(LCD_GetEx.o)
                0x000078a8                LCD_GetNumColors
 .text.LCD_GetSwapXY
                0x000078b8       0x10 E:/Workspace/MK70_Try/PE_Test/emwin_548/emwin_library\libemwin_M4F.a(LCD_GetEx.o)
                0x000078b8                LCD_GetSwapXY
 .text.GUI_GetBitsPerPixelEx
                0x000078c8       0x14 E:/Workspace/MK70_Try/PE_Test/emwin_548/emwin_library\libemwin_M4F.a(LCD_GetEx.o)
                0x000078c8                GUI_GetBitsPerPixelEx
 .text.LCD_GetPaletteEx
                0x000078dc       0x16 E:/Workspace/MK70_Try/PE_Test/emwin_548/emwin_library\libemwin_M4F.a(LCD_GetEx.o)
                0x000078dc                LCD_GetPaletteEx
 *fill*         0x000078f2        0x2 00
 .text.LCD_GetPalette
                0x000078f4       0x10 E:/Workspace/MK70_Try/PE_Test/emwin_548/emwin_library\libemwin_M4F.a(LCD_GetEx.o)
                0x000078f4                LCD_GetPalette
 .text.GUI_GetpfIndex2ColorEx
                0x00007904       0x10 E:/Workspace/MK70_Try/PE_Test/emwin_548/emwin_library\libemwin_M4F.a(LCD_GetEx.o)
                0x00007904                GUI_GetpfIndex2ColorEx
 .text.LCD_GetXSizeMax
                0x00007914        0x6 E:/Workspace/MK70_Try/PE_Test/emwin_548/emwin_library\libemwin_M4F.a(LCD_GetEx.o)
                0x00007914                LCD_GetXSizeMax
 .text.LCD_GetYSizeMax
                0x0000791a        0x6 E:/Workspace/MK70_Try/PE_Test/emwin_548/emwin_library\libemwin_M4F.a(LCD_GetEx.o)
                0x0000791a                LCD_GetYSizeMax
 .text.LCD_GetVXSizeMax
                0x00007920        0x6 E:/Workspace/MK70_Try/PE_Test/emwin_548/emwin_library\libemwin_M4F.a(LCD_GetEx.o)
                0x00007920                LCD_GetVXSizeMax
 *fill*         0x00007926        0x2 00
 .text.LCD_SetDisplaySize
                0x00007928       0x14 E:/Workspace/MK70_Try/PE_Test/emwin_548/emwin_library\libemwin_M4F.a(LCD_GetEx.o)
                0x00007928                LCD_SetDisplaySize
 .text.LCD_GetXSizeDisplay
                0x0000793c        0xc E:/Workspace/MK70_Try/PE_Test/emwin_548/emwin_library\libemwin_M4F.a(LCD_GetEx.o)
                0x0000793c                LCD_GetXSizeDisplay
 .text.LCD_GetYSizeDisplay
                0x00007948        0xc E:/Workspace/MK70_Try/PE_Test/emwin_548/emwin_library\libemwin_M4F.a(LCD_GetEx.o)
                0x00007948                LCD_GetYSizeDisplay
 .text.GUI_SelectLayer
                0x00007954       0x24 E:/Workspace/MK70_Try/PE_Test/emwin_548/emwin_library\libemwin_M4F.a(GUI_SelectLayer.o)
                0x00007954                GUI_SelectLayer
 .text.LCD_SetClipRectEx
                0x00007978       0x30 E:/Workspace/MK70_Try/PE_Test/emwin_548/emwin_library\libemwin_M4F.a(LCD_SetClipRectEx.o)
                0x00007978                LCD_SetClipRectEx
 .text._PushFreeBlock
                0x000079a8       0x24 E:/Workspace/MK70_Try/PE_Test/emwin_548/emwin_library\libemwin_M4F.a(GUI_Alloc.o)
 .text._RemoveFreeBlock
                0x000079cc       0x40 E:/Workspace/MK70_Try/PE_Test/emwin_548/emwin_library\libemwin_M4F.a(GUI_Alloc.o)
 .text._AddFreeMemory
                0x00007a0c       0xa4 E:/Workspace/MK70_Try/PE_Test/emwin_548/emwin_library\libemwin_M4F.a(GUI_Alloc.o)
 .text._RemoveHoles
                0x00007ab0       0x94 E:/Workspace/MK70_Try/PE_Test/emwin_548/emwin_library\libemwin_M4F.a(GUI_Alloc.o)
 .text.GUI_ALLOC_FreeFixedBlock
                0x00007b44       0x14 E:/Workspace/MK70_Try/PE_Test/emwin_548/emwin_library\libemwin_M4F.a(GUI_Alloc.o)
                0x00007b44                GUI_ALLOC_FreeFixedBlock
 .text.GUI_ALLOC_h2p
                0x00007b58       0x14 E:/Workspace/MK70_Try/PE_Test/emwin_548/emwin_library\libemwin_M4F.a(GUI_Alloc.o)
                0x00007b58                GUI_ALLOC_h2p
 .text.GUI_ALLOC_LockH
                0x00007b6c       0x1c E:/Workspace/MK70_Try/PE_Test/emwin_548/emwin_library\libemwin_M4F.a(GUI_Alloc.o)
                0x00007b6c                GUI_ALLOC_LockH
 .text.GUI_ALLOC_UnlockH
                0x00007b88       0x30 E:/Workspace/MK70_Try/PE_Test/emwin_548/emwin_library\libemwin_M4F.a(GUI_Alloc.o)
                0x00007b88                GUI_ALLOC_UnlockH
 .text.GUI_ALLOC_AssignMemory
                0x00007bb8       0x10 E:/Workspace/MK70_Try/PE_Test/emwin_548/emwin_library\libemwin_M4F.a(GUI_Alloc.o)
                0x00007bb8                GUI_ALLOC_AssignMemory
 .text.GUI_ALLOC_SetAvBlockSize
                0x00007bc8       0x20 E:/Workspace/MK70_Try/PE_Test/emwin_548/emwin_library\libemwin_M4F.a(GUI_Alloc.o)
                0x00007bc8                GUI_ALLOC_SetAvBlockSize
 .text.GUI_ALLOC_Free
                0x00007be8       0x28 E:/Workspace/MK70_Try/PE_Test/emwin_548/emwin_library\libemwin_M4F.a(GUI_Alloc.o)
                0x00007be8                GUI_ALLOC_Free
 .text._EnlargeBlocks
                0x00007c10       0xa0 E:/Workspace/MK70_Try/PE_Test/emwin_548/emwin_library\libemwin_M4F.a(GUI_Alloc.o)
 .text._InitOnce
                0x00007cb0       0x6c E:/Workspace/MK70_Try/PE_Test/emwin_548/emwin_library\libemwin_M4F.a(GUI_Alloc.o)
 .text.GUI_ALLOC_GetFixedBlock
                0x00007d1c       0xa8 E:/Workspace/MK70_Try/PE_Test/emwin_548/emwin_library\libemwin_M4F.a(GUI_Alloc.o)
                0x00007d1c                GUI_ALLOC_GetFixedBlock
 .text._Alloc   0x00007dc4       0xec E:/Workspace/MK70_Try/PE_Test/emwin_548/emwin_library\libemwin_M4F.a(GUI_Alloc.o)
 .text.GUI_ALLOC_AllocNoInit
                0x00007eb0        0x8 E:/Workspace/MK70_Try/PE_Test/emwin_548/emwin_library\libemwin_M4F.a(GUI_Alloc.o)
                0x00007eb0                GUI_ALLOC_AllocNoInit
 .text.GUI_ALLOC_AllocZero
                0x00007eb8       0x2c E:/Workspace/MK70_Try/PE_Test/emwin_548/emwin_library\libemwin_M4F.a(GUI_Alloc.o)
                0x00007eb8                GUI_ALLOC_AllocZero
 .text._OnExit  0x00007ee4       0x54 E:/Workspace/MK70_Try/PE_Test/emwin_548/emwin_library\libemwin_M4F.a(GUI_Core.o)
 .text.GUI_SetDefaultFont
                0x00007f38        0xc E:/Workspace/MK70_Try/PE_Test/emwin_548/emwin_library\libemwin_M4F.a(GUI_Core.o)
                0x00007f38                GUI_SetDefaultFont
 .text.GUI_ClearRect
                0x00007f44       0x60 E:/Workspace/MK70_Try/PE_Test/emwin_548/emwin_library\libemwin_M4F.a(GUI_Core.o)
                0x00007f44                GUI_ClearRect
 .text.GUI_Clear
                0x00007fa4       0x20 E:/Workspace/MK70_Try/PE_Test/emwin_548/emwin_library\libemwin_M4F.a(GUI_Core.o)
                0x00007fa4                GUI_Clear
 .text.GUI__RegisterExit
                0x00007fc4       0x10 E:/Workspace/MK70_Try/PE_Test/emwin_548/emwin_library\libemwin_M4F.a(GUI_Core.o)
                0x00007fc4                GUI__RegisterExit
 .text.GUI__Config
                0x00007fd4       0x30 E:/Workspace/MK70_Try/PE_Test/emwin_548/emwin_library\libemwin_M4F.a(GUI_Core.o)
                0x00007fd4                GUI__Config
 .text.GUI_Init
                0x00008004      0x104 E:/Workspace/MK70_Try/PE_Test/emwin_548/emwin_library\libemwin_M4F.a(GUI_Core.o)
                0x00008004                GUI_Init
 .text.GUI_CalcColorDist
                0x00008108       0x3e E:/Workspace/MK70_Try/PE_Test/emwin_548/emwin_library\libemwin_M4F.a(GUI_Common.o)
                0x00008108                GUI_CalcColorDist
 .text.GUI_MergeRect
                0x00008146       0x56 E:/Workspace/MK70_Try/PE_Test/emwin_548/emwin_library\libemwin_M4F.a(GUI_Common.o)
                0x00008146                GUI_MergeRect
 .text.GUI_MoveRect
                0x0000819c       0x20 E:/Workspace/MK70_Try/PE_Test/emwin_548/emwin_library\libemwin_M4F.a(GUI_Common.o)
                0x0000819c                GUI_MoveRect
 .text.GUI_GotoXY
                0x000081bc       0x10 E:/Workspace/MK70_Try/PE_Test/emwin_548/emwin_library\libemwin_M4F.a(GUI_Common.o)
                0x000081bc                GUI_GotoXY
 .text.GUI_RectsIntersect
                0x000081cc       0x3a E:/Workspace/MK70_Try/PE_Test/emwin_548/emwin_library\libemwin_M4F.a(GUI_Common.o)
                0x000081cc                GUI_RectsIntersect
 *fill*         0x00008206        0x2 00
 .text.GUI_SaveContext_W
                0x00008208       0x14 E:/Workspace/MK70_Try/PE_Test/emwin_548/emwin_library\libemwin_M4F.a(GUI_Common.o)
                0x00008208                GUI_SaveContext_W
 .text.GUI_RestoreContext
                0x0000821c       0x14 E:/Workspace/MK70_Try/PE_Test/emwin_548/emwin_library\libemwin_M4F.a(GUI_Common.o)
                0x0000821c                GUI_RestoreContext
 .text.GUI_SelectLCD
                0x00008230       0x12 E:/Workspace/MK70_Try/PE_Test/emwin_548/emwin_library\libemwin_M4F.a(GUI_Common.o)
                0x00008230                GUI_SelectLCD
 .text.GUI_SetBkColor
                0x00008242        0x4 E:/Workspace/MK70_Try/PE_Test/emwin_548/emwin_library\libemwin_M4F.a(GUI_Common.o)
                0x00008242                GUI_SetBkColor
 .text.GUI_SetColor
                0x00008246        0x4 E:/Workspace/MK70_Try/PE_Test/emwin_548/emwin_library\libemwin_M4F.a(GUI_Common.o)
                0x00008246                GUI_SetColor
 *fill*         0x0000824a        0x2 00
 .text.GUI_SetOrg
                0x0000824c       0x38 E:/Workspace/MK70_Try/PE_Test/emwin_548/emwin_library\libemwin_M4F.a(GUI_Common.o)
                0x0000824c                GUI_SetOrg
 .text._OnExit  0x00008284       0x4c E:/Workspace/MK70_Try/PE_Test/emwin_548/emwin_library\libemwin_M4F.a(GUI_MULTIBUF.o)
 .text.GUI_MULTIBUF_ConfirmEx
                0x000082d0       0x30 E:/Workspace/MK70_Try/PE_Test/emwin_548/emwin_library\libemwin_M4F.a(GUI_MULTIBUF.o)
                0x000082d0                GUI_MULTIBUF_ConfirmEx
 .text.GUI_MULTIBUF_ConfigEx
                0x00008300       0x3c E:/Workspace/MK70_Try/PE_Test/emwin_548/emwin_library\libemwin_M4F.a(GUI_MULTIBUF.o)
                0x00008300                GUI_MULTIBUF_ConfigEx
 .text.GUI_MULTIBUF_Confirm
                0x0000833c       0x10 E:/Workspace/MK70_Try/PE_Test/emwin_548/emwin_library\libemwin_M4F.a(GUI_MULTIBUF.o)
                0x0000833c                GUI_MULTIBUF_Confirm
 .text.GUI_SignalEvent
                0x0000834c       0x10 E:/Workspace/MK70_Try/PE_Test/emwin_548/emwin_library\libemwin_M4F.a(GUI_WaitEvent.o)
                0x0000834c                GUI_SignalEvent
 .text.Draw8Point
                0x0000835c       0xa0 E:/Workspace/MK70_Try/PE_Test/emwin_548/emwin_library\libemwin_M4F.a(GUI_Circ.o)
 .text.GL_DrawCircle
                0x000083fc       0x5e E:/Workspace/MK70_Try/PE_Test/emwin_548/emwin_library\libemwin_M4F.a(GUI_Circ.o)
                0x000083fc                GL_DrawCircle
 *fill*         0x0000845a        0x2 00
 .text.GUI_DrawCircle
                0x0000845c       0x50 E:/Workspace/MK70_Try/PE_Test/emwin_548/emwin_library\libemwin_M4F.a(GUI_Circ.o)
                0x0000845c                GUI_DrawCircle
 .text._Color2Index_M888
                0x000084ac        0x6 E:/Workspace/MK70_Try/PE_Test/emwin_548/emwin_library\libemwin_M4F.a(GUICC_M888.o)
 .text._GetIndexMask_M888
                0x000084b2        0x6 E:/Workspace/MK70_Try/PE_Test/emwin_548/emwin_library\libemwin_M4F.a(GUICC_M888.o)
 .text._Color2IndexBulk
                0x000084b8       0x14 E:/Workspace/MK70_Try/PE_Test/emwin_548/emwin_library\libemwin_M4F.a(GUICC_M888.o)
 .text._Index2ColorBulk
                0x000084cc       0x14 E:/Workspace/MK70_Try/PE_Test/emwin_548/emwin_library\libemwin_M4F.a(GUICC_M888.o)
 .text.GUI__MixColors
                0x000084e0       0x48 E:/Workspace/MK70_Try/PE_Test/emwin_548/emwin_library\libemwin_M4F.a(GUI__Alpha.o)
                0x000084e0                GUI__MixColors
 .text._OnExit  0x00008528       0x40 E:/Workspace/MK70_Try/PE_Test/emwin_548/emwin_library\libemwin_M4F.a(GUI__Alpha.o)
 .text.GUI__GetAlphaBuffer
                0x00008568       0xc8 E:/Workspace/MK70_Try/PE_Test/emwin_548/emwin_library\libemwin_M4F.a(GUI__Alpha.o)
                0x00008568                GUI__GetAlphaBuffer
 .text.GUI__DoAlphaBlending
                0x00008630      0x1b0 E:/Workspace/MK70_Try/PE_Test/emwin_548/emwin_library\libemwin_M4F.a(GUI__Alpha.o)
                0x00008630                GUI__DoAlphaBlending
 .text.GUI__AllocAlphaBuffer
                0x000087e0       0x1a E:/Workspace/MK70_Try/PE_Test/emwin_548/emwin_library\libemwin_M4F.a(GUI__Alpha.o)
                0x000087e0                GUI__AllocAlphaBuffer
 *fill*         0x000087fa        0x2 00
 .text.GUIMONO_DispChar
                0x000087fc      0x13c E:/Workspace/MK70_Try/PE_Test/emwin_548/emwin_library\libemwin_M4F.a(GUI_CharM.o)
                0x000087fc                GUIMONO_DispChar
 .text.GUIMONO_GetCharDistX
                0x00008938       0x18 E:/Workspace/MK70_Try/PE_Test/emwin_548/emwin_library\libemwin_M4F.a(GUI_CharM.o)
                0x00008938                GUIMONO_GetCharDistX
 .text.GUIMONO_GetFontInfo
                0x00008950        0x6 E:/Workspace/MK70_Try/PE_Test/emwin_548/emwin_library\libemwin_M4F.a(GUI_CharM.o)
                0x00008950                GUIMONO_GetFontInfo
 .text.GUIMONO_IsInFont
                0x00008956       0x36 E:/Workspace/MK70_Try/PE_Test/emwin_548/emwin_library\libemwin_M4F.a(GUI_CharM.o)
                0x00008956                GUIMONO_IsInFont
 .text.GUI_MEMDEV_Delete
                0x0000898c       0x40 E:/Workspace/MK70_Try/PE_Test/emwin_548/emwin_library\libemwin_M4F.a(GUIDEV.o)
                0x0000898c                GUI_MEMDEV_Delete
 .text.GUI_USAGE_DecUseCnt
                0x000089cc       0x24 E:/Workspace/MK70_Try/PE_Test/emwin_548/emwin_library\libemwin_M4F.a(GUIDEV_Usage.o)
                0x000089cc                GUI_USAGE_DecUseCnt
 .text.GUI_USAGE_AddRect
                0x000089f0       0x26 E:/Workspace/MK70_Try/PE_Test/emwin_548/emwin_library\libemwin_M4F.a(GUIDEV_Usage.o)
                0x000089f0                GUI_USAGE_AddRect
 .text.GUI_MEMDEV_GetDataPtr
                0x00008a16       0x1c E:/Workspace/MK70_Try/PE_Test/emwin_548/emwin_library\libemwin_M4F.a(GUIDEV_GetDataPtr.o)
                0x00008a16                GUI_MEMDEV_GetDataPtr
 *fill*         0x00008a32        0x2 00
 .text._GetDevData
                0x00008a34       0x10 E:/Workspace/MK70_Try/PE_Test/emwin_548/emwin_library\libemwin_M4F.a(GUIDEV_32.o)
 .text._GetDevFunc
                0x00008a44       0x10 E:/Workspace/MK70_Try/PE_Test/emwin_548/emwin_library\libemwin_M4F.a(GUIDEV_32.o)
 .text._GetDevProp
                0x00008a54        0xa E:/Workspace/MK70_Try/PE_Test/emwin_548/emwin_library\libemwin_M4F.a(GUIDEV_32.o)
 .text._SetOrg  0x00008a5e        0x8 E:/Workspace/MK70_Try/PE_Test/emwin_548/emwin_library\libemwin_M4F.a(GUIDEV_32.o)
 .text._GetRect
                0x00008a66       0x32 E:/Workspace/MK70_Try/PE_Test/emwin_548/emwin_library\libemwin_M4F.a(GUIDEV_32.o)
 .text._XY2PTR  0x00008a98       0x3c E:/Workspace/MK70_Try/PE_Test/emwin_548/emwin_library\libemwin_M4F.a(GUIDEV_32.o)
 .text._GetPixelIndex
                0x00008ad4        0xe E:/Workspace/MK70_Try/PE_Test/emwin_548/emwin_library\libemwin_M4F.a(GUIDEV_32.o)
 *fill*         0x00008ae2        0x2 00
 .text._XorPixel
                0x00008ae4       0x58 E:/Workspace/MK70_Try/PE_Test/emwin_548/emwin_library\libemwin_M4F.a(GUIDEV_32.o)
 .text._SetPixelIndex
                0x00008b3c       0x48 E:/Workspace/MK70_Try/PE_Test/emwin_548/emwin_library\libemwin_M4F.a(GUIDEV_32.o)
 .text._DrawVLine
                0x00008b84       0xb0 E:/Workspace/MK70_Try/PE_Test/emwin_548/emwin_library\libemwin_M4F.a(GUIDEV_32.o)
 .text._FillRect
                0x00008c34       0xac E:/Workspace/MK70_Try/PE_Test/emwin_548/emwin_library\libemwin_M4F.a(GUIDEV_32.o)
 .text._DrawHLine
                0x00008ce0        0xe E:/Workspace/MK70_Try/PE_Test/emwin_548/emwin_library\libemwin_M4F.a(GUIDEV_32.o)
 *fill*         0x00008cee        0x2 00
 .text._DrawBitmap
                0x00008cf0      0x70c E:/Workspace/MK70_Try/PE_Test/emwin_548/emwin_library\libemwin_M4F.a(GUIDEV_32.o)
 .text._ClipX   0x000093fc       0x44 E:/Workspace/MK70_Try/PE_Test/emwin_548/emwin_library\libemwin_M4F.a(GUIDEV_WriteToActiveAlpha.o)
 .text._ClipY   0x00009440       0x44 E:/Workspace/MK70_Try/PE_Test/emwin_548/emwin_library\libemwin_M4F.a(GUIDEV_WriteToActiveAlpha.o)
 .text._WriteToActiveAlpha
                0x00009484      0x13c E:/Workspace/MK70_Try/PE_Test/emwin_548/emwin_library\libemwin_M4F.a(GUIDEV_WriteToActiveAlpha.o)
 .text.GUI_MEMDEV__WriteToActiveAlpha
                0x000095c0      0x124 E:/Workspace/MK70_Try/PE_Test/emwin_548/emwin_library\libemwin_M4F.a(GUIDEV_WriteToActiveAlpha.o)
                0x000095c0                GUI_MEMDEV__WriteToActiveAlpha
 .text.WIDGET__GetInsideRect
                0x000096e4       0x1a E:/Workspace/MK70_Try/PE_Test/emwin_548/emwin_library\libemwin_M4F.a(WIDGET.o)
                0x000096e4                WIDGET__GetInsideRect
 *fill*         0x000096fe        0x2 00
 .text.WIDGET__Init
                0x00009700       0x10 E:/Workspace/MK70_Try/PE_Test/emwin_548/emwin_library\libemwin_M4F.a(WIDGET.o)
                0x00009700                WIDGET__Init
 .text.WIDGET_SetState
                0x00009710       0x24 E:/Workspace/MK70_Try/PE_Test/emwin_548/emwin_library\libemwin_M4F.a(WIDGET.o)
                0x00009710                WIDGET_SetState
 .text.WIDGET_OrState
                0x00009734       0x2a E:/Workspace/MK70_Try/PE_Test/emwin_548/emwin_library\libemwin_M4F.a(WIDGET.o)
                0x00009734                WIDGET_OrState
 .text.WIDGET_HandleActive
                0x0000975e      0x138 E:/Workspace/MK70_Try/PE_Test/emwin_548/emwin_library\libemwin_M4F.a(WIDGET.o)
                0x0000975e                WIDGET_HandleActive
 *fill*         0x00009896        0x2 00
 .text._DrawUpRect
                0x00009898       0x38 E:/Workspace/MK70_Try/PE_Test/emwin_548/emwin_library\libemwin_M4F.a(WIDGET_Effect_Simple.o)
 .text._DrawDownRect
                0x000098d0        0x4 E:/Workspace/MK70_Try/PE_Test/emwin_548/emwin_library\libemwin_M4F.a(WIDGET_Effect_Simple.o)
 .text._DrawUp  0x000098d4       0x14 E:/Workspace/MK70_Try/PE_Test/emwin_548/emwin_library\libemwin_M4F.a(WIDGET_Effect_Simple.o)
 .text._DrawDown
                0x000098e8        0x4 E:/Workspace/MK70_Try/PE_Test/emwin_548/emwin_library\libemwin_M4F.a(WIDGET_Effect_Simple.o)
 .text._cbInvalidateOne
                0x000098ec        0x4 E:/Workspace/MK70_Try/PE_Test/emwin_548/emwin_library\libemwin_M4F.a(WM_BringToTop.o)
 .text.WM_BringToTop
                0x000098f0       0x6c E:/Workspace/MK70_Try/PE_Test/emwin_548/emwin_library\libemwin_M4F.a(WM_BringToTop.o)
                0x000098f0                WM_BringToTop
 .text.WM_DeleteTimer
                0x0000995c       0x22 E:/Workspace/MK70_Try/PE_Test/emwin_548/emwin_library\libemwin_M4F.a(WM_Timer.o)
                0x0000995c                WM_DeleteTimer
 .text.WM__DeleteAssocTimer
                0x0000997e       0x4c E:/Workspace/MK70_Try/PE_Test/emwin_548/emwin_library\libemwin_M4F.a(WM_Timer.o)
                0x0000997e                WM__DeleteAssocTimer
 *fill*         0x000099ca        0x2 00
 .text.GUI__ConvertColor2Index
                0x000099cc      0x1ac E:/Workspace/MK70_Try/PE_Test/emwin_548/emwin_library\libemwin_M4F.a(GUI__CompactPixelIndices.o)
                0x000099cc                GUI__ConvertColor2Index
 .text.GUI__CompactPixelIndicesEx
                0x00009b78        0xe E:/Workspace/MK70_Try/PE_Test/emwin_548/emwin_library\libemwin_M4F.a(GUI__CompactPixelIndices.o)
                0x00009b78                GUI__CompactPixelIndicesEx
 *fill*         0x00009b86        0x2 00
 .text._OnExit  0x00009b88       0x1c E:/Workspace/MK70_Try/PE_Test/emwin_548/emwin_library\libemwin_M4F.a(LCD_Color.o)
 .text.LCD_InitColors
                0x00009ba4       0x38 E:/Workspace/MK70_Try/PE_Test/emwin_548/emwin_library\libemwin_M4F.a(LCD_Color.o)
                0x00009ba4                LCD_InitColors
 .text.LCD_InitLUT
                0x00009bdc       0x7c E:/Workspace/MK70_Try/PE_Test/emwin_548/emwin_library\libemwin_M4F.a(LCD_Color.o)
                0x00009bdc                LCD_InitLUT
 .text.LCD_SelectLCD
                0x00009c58       0x40 E:/Workspace/MK70_Try/PE_Test/emwin_548/emwin_library\libemwin_M4F.a(LCD_SelectLCD.o)
                0x00009c58                LCD_SelectLCD
 .text.LCD_GetNumLayers
                0x00009c98       0x10 E:/Workspace/MK70_Try/PE_Test/emwin_548/emwin_library\libemwin_M4F.a(LCD_GetNumDisplays.o)
                0x00009c98                LCD_GetNumLayers
 .text.LCD_Index2Color_M888
                0x00009ca8        0x6 E:/Workspace/MK70_Try/PE_Test/emwin_548/emwin_library\libemwin_M4F.a(GUICC_M888_Index2Color.o)
                0x00009ca8                LCD_Index2Color_M888
 *fill*         0x00009cae        0x2 00
 .text._Unlink  0x00009cb0       0x4c E:/Workspace/MK70_Try/PE_Test/emwin_548/emwin_library\libemwin_M4F.a(GUI_Timer.o)
 .text.GUI_TIMER__GetFirstTimer
                0x00009cfc       0x2c E:/Workspace/MK70_Try/PE_Test/emwin_548/emwin_library\libemwin_M4F.a(GUI_Timer.o)
                0x00009cfc                GUI_TIMER__GetFirstTimer
 .text.GUI_TIMER__GetNextTimerLin
                0x00009d28       0x34 E:/Workspace/MK70_Try/PE_Test/emwin_548/emwin_library\libemwin_M4F.a(GUI_Timer.o)
                0x00009d28                GUI_TIMER__GetNextTimerLin
 .text.GUI_TIMER_Delete
                0x00009d5c       0x64 E:/Workspace/MK70_Try/PE_Test/emwin_548/emwin_library\libemwin_M4F.a(GUI_Timer.o)
                0x00009d5c                GUI_TIMER_Delete
 .text.GUI_TIMER_GetFlag
                0x00009dc0       0x26 E:/Workspace/MK70_Try/PE_Test/emwin_548/emwin_library\libemwin_M4F.a(GUI_Timer.o)
                0x00009dc0                GUI_TIMER_GetFlag
 .text._GetIndexMask_0
                0x00009de6       0x52 E:/Workspace/MK70_Try/PE_Test/emwin_548/emwin_library\libemwin_M4F.a(GUICC_0.o)
 .text._Index2Color_0
                0x00009e38       0x1e E:/Workspace/MK70_Try/PE_Test/emwin_548/emwin_library\libemwin_M4F.a(GUICC_0.o)
 .text._Color2Index_0
                0x00009e56       0x52 E:/Workspace/MK70_Try/PE_Test/emwin_548/emwin_library\libemwin_M4F.a(GUICC_0.o)
 .text._GetCharCode
                0x00009ea8        0x4 E:/Workspace/MK70_Try/PE_Test/emwin_548/emwin_library\libemwin_M4F.a(GUI_UC_EncodeNone.o)
 .text._GetCharSize
                0x00009eac        0x4 E:/Workspace/MK70_Try/PE_Test/emwin_548/emwin_library\libemwin_M4F.a(GUI_UC_EncodeNone.o)
 .text._CalcSizeOfChar
                0x00009eb0        0x4 E:/Workspace/MK70_Try/PE_Test/emwin_548/emwin_library\libemwin_M4F.a(GUI_UC_EncodeNone.o)
 .text._Encode  0x00009eb4        0x6 E:/Workspace/MK70_Try/PE_Test/emwin_548/emwin_library\libemwin_M4F.a(GUI_UC_EncodeNone.o)
 .text.LCD_Index2Color_M8888I
                0x00009eba        0x2 E:/Workspace/MK70_Try/PE_Test/emwin_548/emwin_library\libemwin_M4F.a(GUICC_M8888I_Index2Color.o)
                0x00009eba                LCD_Index2Color_M8888I
 .text.LCD_ReadRectEx
                0x00009ebc      0x190 E:/Workspace/MK70_Try/PE_Test/emwin_548/emwin_library\libemwin_M4F.a(LCD_ReadRect.o)
 .text.GUI_ReadRectEx
                0x0000a04c       0x60 E:/Workspace/MK70_Try/PE_Test/emwin_548/emwin_library\libemwin_M4F.a(LCD_ReadRect.o)
                0x0000a04c                GUI_ReadRectEx
 .text.LCD_UpdateColorIndices
                0x0000a0ac       0x24 E:/Workspace/MK70_Try/PE_Test/emwin_548/emwin_library\libemwin_M4F.a(LCD_UpdateColorIndices.o)
                0x0000a0ac                LCD_UpdateColorIndices
 .text._Color2Index_M8888I
                0x0000a0d0        0x2 E:/Workspace/MK70_Try/PE_Test/emwin_548/emwin_library\libemwin_M4F.a(GUICC_M8888I.o)
 .text._GetIndexMask_M8888I
                0x0000a0d2        0x6 E:/Workspace/MK70_Try/PE_Test/emwin_548/emwin_library\libemwin_M4F.a(GUICC_M8888I.o)
 .text._Color2IndexBulk_M8888I
                0x0000a0d8       0x10 E:/Workspace/MK70_Try/PE_Test/emwin_548/emwin_library\libemwin_M4F.a(GUICC_M8888I.o)
 .text._Index2ColorBulk_M8888I
                0x0000a0e8       0x10 E:/Workspace/MK70_Try/PE_Test/emwin_548/emwin_library\libemwin_M4F.a(GUICC_M8888I.o)
 .text.GUI__ExpandPixelIndicesEx
                0x0000a0f8      0x180 E:/Workspace/MK70_Try/PE_Test/emwin_548/emwin_library\libemwin_M4F.a(GUI__ExpandPixelIndices.o)
                0x0000a0f8                GUI__ExpandPixelIndicesEx
 .text._DrawRect
                0x0000a278       0x34 E:/Workspace/MK70_Try/PE_Test/emwin_548/emwin_library\libemwin_M4F.a(GUI_2DLib.o)
 .text.GUI_DrawRect
                0x0000a2ac       0xac E:/Workspace/MK70_Try/PE_Test/emwin_548/emwin_library\libemwin_M4F.a(GUI_2DLib.o)
                0x0000a2ac                GUI_DrawRect
 .text.exit     0x0000a358       0x38 C:/Freescale/CW MCU v10.7/MCU/ARM_GCC_Support/ewl/lib/armv7e-m/fpu\libc99.a(exit.o)
                0x0000a358                exit
 .text.memset   0x0000a390        0xc C:/Freescale/CW MCU v10.7/MCU/ARM_GCC_Support/ewl/lib/armv7e-m/fpu\libc99.a(memset.o)
                0x0000a390                memset
 .text.__fill_mem
                0x0000a39c       0x76 C:/Freescale/CW MCU v10.7/MCU/ARM_GCC_Support/ewl/lib/armv7e-m/fpu\libc99.a(__filll_mem.o)
                0x0000a39c                __fill_mem
 .text.memcpy   0x0000a412       0x12 C:/Freescale/CW MCU v10.7/MCU/ARM_GCC_Support/ewl/lib/armv7e-m/fpu\libc99.a(memcpy.o)
                0x0000a412                memcpy
 .text.memmove  0x0000a424       0x30 C:/Freescale/CW MCU v10.7/MCU/ARM_GCC_Support/ewl/lib/armv7e-m/fpu\libc99.a(memmove.o)
                0x0000a424                memmove
 .text.__init_cpp
                0x0000a454       0x4c C:/Freescale/CW MCU v10.7/MCU/ARM_GCC_Support/ewl/lib/armv7e-m/fpu\librt.a(gcc_ctor_dtor.o)
                0x0000a454                __init_cpp
 .text.__fini_cpp
                0x0000a4a0       0x34 C:/Freescale/CW MCU v10.7/MCU/ARM_GCC_Support/ewl/lib/armv7e-m/fpu\librt.a(gcc_ctor_dtor.o)
                0x0000a4a0                __fini_cpp
 .text.__destroy_global_chain
                0x0000a4d4       0x18 C:/Freescale/CW MCU v10.7/MCU/ARM_GCC_Support/ewl/lib/armv7e-m/fpu\librt.a(__arm_eabi_init.o)
                0x0000a4d4                __destroy_global_chain
 .text.__init_registers
                0x0000a4ec       0x24 C:/Freescale/CW MCU v10.7/MCU/ARM_GCC_Support/ewl/lib/armv7e-m/fpu\librt.a(__arm_eabi_init.o)
                0x0000a4ec                __init_registers
 .text.__fp_init
                0x0000a510       0x1c C:/Freescale/CW MCU v10.7/MCU/ARM_GCC_Support/ewl/lib/armv7e-m/fpu\librt.a(__arm_eabi_init.o)
                0x0000a510                __fp_init
 .text.__init_user
                0x0000a52c        0x4 C:/Freescale/CW MCU v10.7/MCU/ARM_GCC_Support/ewl/lib/armv7e-m/fpu\librt.a(__arm_eabi_init.o)
                0x0000a52c                __init_user
 .text.__copy_rom_section
                0x0000a530       0x44 C:/Freescale/CW MCU v10.7/MCU/ARM_GCC_Support/ewl/lib/armv7e-m/fpu\librt.a(ROMCopy.o)
                0x0000a530                __copy_rom_section
 .text.__copy_rom_sections_to_ram
                0x0000a574       0x30 C:/Freescale/CW MCU v10.7/MCU/ARM_GCC_Support/ewl/lib/armv7e-m/fpu\librt.a(ROMCopy.o)
                0x0000a574                __copy_rom_sections_to_ram
 *(.rodata)
 .rodata        0x0000a5a4        0x8 ./Sources/AppDisplay.o
 *(.rodata*)
 .rodata.DMA1_ChannelNumbers
                0x0000a5ac        0x4 ./Generated_Code/DMA1.o
 .rodata.DMA1_ChannelMasks
                0x0000a5b0        0x4 ./Generated_Code/DMA1.o
 .rodata.DMA1_ChannelInterrupts
                0x0000a5b4        0x4 ./Generated_Code/DMA1.o
 .rodata._aDialogCreate
                0x0000a5b8       0x1c ./Sources/AppDisplay.o
 .rodata.GUIDRV_Lin_32_API
                0x0000a5d4       0x34 E:/Workspace/MK70_Try/PE_Test/emwin_548/emwin_library\libemwin_M4F.a(GUIDRV_Lin_32.o)
                0x0000a5d4                GUIDRV_Lin_32_API
 .rodata.FontMono8x16
                0x0000a608       0x14 E:/Workspace/MK70_Try/PE_Test/emwin_548/emwin_library\libemwin_M4F.a(F8x16.o)
 .rodata.GUI_Font8x16
                0x0000a61c       0x24 E:/Workspace/MK70_Try/PE_Test/emwin_548/emwin_library\libemwin_M4F.a(F8x16.o)
                0x0000a61c                GUI_Font8x16
 .rodata.TransInfo8x16
                0x0000a640        0x8 E:/Workspace/MK70_Try/PE_Test/emwin_548/emwin_library\libemwin_M4F.a(F8x16.o)
 .rodata.TransList8x16
                0x0000a648      0x1c0 E:/Workspace/MK70_Try/PE_Test/emwin_548/emwin_library\libemwin_M4F.a(F8x16.o)
 .rodata.acFont8x16
                0x0000a808      0xa30 E:/Workspace/MK70_Try/PE_Test/emwin_548/emwin_library\libemwin_M4F.a(F8x16.o)
 .rodata.LCD_aMirror
                0x0000b238      0x100 E:/Workspace/MK70_Try/PE_Test/emwin_548/emwin_library\libemwin_M4F.a(LCD_Mirror.o)
                0x0000b238                LCD_aMirror
 .rodata._SetColorAPI
                0x0000b338        0xc E:/Workspace/MK70_Try/PE_Test/emwin_548/emwin_library\libemwin_M4F.a(LCD.o)
 .rodata.GUI_Init.str1.1
                0x0000b344       0x14 E:/Workspace/MK70_Try/PE_Test/emwin_548/emwin_library\libemwin_M4F.a(GUI_Core.o)
 .rodata._HL_APIList
                0x0000b358        0x8 E:/Workspace/MK70_Try/PE_Test/emwin_548/emwin_library\libemwin_M4F.a(GUI_Core.o)
 .rodata.LCD_API_ColorConv_M888
                0x0000b360       0x18 E:/Workspace/MK70_Try/PE_Test/emwin_548/emwin_library\libemwin_M4F.a(GUICC_M888.o)
                0x0000b360                LCD_API_ColorConv_M888
 .rodata.GUI_MEMDEV_DEVICE_32
                0x0000b378       0x34 E:/Workspace/MK70_Try/PE_Test/emwin_548/emwin_library\libemwin_M4F.a(GUIDEV_32.o)
                0x0000b378                GUI_MEMDEV_DEVICE_32
 .rodata.aID    0x0000b3ac       0x40 E:/Workspace/MK70_Try/PE_Test/emwin_548/emwin_library\libemwin_M4F.a(GUIDEV_32.o)
 .rodata.WIDGET_Effect_Simple
                0x0000b3ec       0x1c E:/Workspace/MK70_Try/PE_Test/emwin_548/emwin_library\libemwin_M4F.a(WIDGET_Effect_Simple.o)
                0x0000b3ec                WIDGET_Effect_Simple
 .rodata.GUI_F6x8_Mono
                0x0000b408       0x14 E:/Workspace/MK70_Try/PE_Test/emwin_548/emwin_library\libemwin_M4F.a(F6x8.o)
 .rodata.GUI_F6x8_TI8859_1
                0x0000b41c        0x8 E:/Workspace/MK70_Try/PE_Test/emwin_548/emwin_library\libemwin_M4F.a(F6x8.o)
 .rodata.GUI_F6x8_TL8859_1
                0x0000b424      0x1c0 E:/Workspace/MK70_Try/PE_Test/emwin_548/emwin_library\libemwin_M4F.a(F6x8.o)
 .rodata.GUI_Font6x8
                0x0000b5e4       0x24 E:/Workspace/MK70_Try/PE_Test/emwin_548/emwin_library\libemwin_M4F.a(F6x8.o)
                0x0000b5e4                GUI_Font6x8
 .rodata.GUI_acFont6x8
                0x0000b608      0x518 E:/Workspace/MK70_Try/PE_Test/emwin_548/emwin_library\libemwin_M4F.a(F6x8.o)
 .rodata.LCD_API_ColorConv_0
                0x0000bb20       0x18 E:/Workspace/MK70_Try/PE_Test/emwin_548/emwin_library\libemwin_M4F.a(GUICC_0.o)
                0x0000bb20                LCD_API_ColorConv_0
 .rodata.GUI_UC_None
                0x0000bb38       0x10 E:/Workspace/MK70_Try/PE_Test/emwin_548/emwin_library\libemwin_M4F.a(GUI_UC_EncodeNone.o)
                0x0000bb38                GUI_UC_None
 .rodata.LCD_API_ColorConv_M8888I
                0x0000bb48       0x18 E:/Workspace/MK70_Try/PE_Test/emwin_548/emwin_library\libemwin_M4F.a(GUICC_M8888I.o)
                0x0000bb48                LCD_API_ColorConv_M8888I
 *(.glue_7)
 .glue_7        0x00000000        0x0 linker stubs
 *(.glue_7t)
 .glue_7t       0x00000000        0x0 linker stubs
 *(.eh_frame)
 *(.init)
 *(.fini)
                0x0000bb60                . = ALIGN (0x4)
                0x0000bb60                _etext = .

.vfp11_veneer   0x0000bb60        0x0
 .vfp11_veneer  0x00000000        0x0 linker stubs

.v4_bx          0x0000bb60        0x0
 .v4_bx         0x00000000        0x0 linker stubs

.iplt           0x0000bb60        0x0
 .iplt          0x00000000        0x0 ./Data/tree.o

.rel.dyn        0x0000bb60        0x0
 .rel.iplt      0x00000000        0x0 ./Data/tree.o

.ARM.extab
 *(.ARM.extab* .gnu.linkonce.armextab.*)

.ARM            0x0000bb60        0x0
                0x0000bb60                __exidx_start = .
 *(.ARM.exidx*)
                0x0000bb60                __exidx_end = .

.ctors          0x0000bb60        0x0
                0x0000bb60                __CTOR_LIST__ = .
 *crtbegin.o(.ctors)
 *(EXCLUDE_FILE(*crtend.o) .ctors)
 *(SORT(.ctors.*))
 *(.ctors)
                0x0000bb60                __CTOR_END__ = .

.dtors          0x0000bb60        0x0
                0x0000bb60                __DTOR_LIST__ = .
 *crtbegin.o(.dtors)
 *(EXCLUDE_FILE(*crtend.o) .dtors)
 *(SORT(.dtors.*))
 *(.dtors)
                0x0000bb60                __DTOR_END__ = .

.preinit_array  0x0000bb60        0x0
                0x0000bb60                PROVIDE (__preinit_array_start, .)
 *(.preinit_array*)
                0x0000bb60                PROVIDE (__preinit_array_end, .)

.init_array     0x0000bb60        0x0
                0x0000bb60                PROVIDE (__init_array_start, .)
 *(SORT(.init_array.*))
 *(.init_array*)
                0x0000bb60                PROVIDE (__init_array_end, .)

.fini_array     0x0000bb60        0x0
                0x0000bb60                PROVIDE (__fini_array_start, .)
 *(SORT(.fini_array.*))
 *(.fini_array*)
                0x0000bb60                PROVIDE (__fini_array_end, .)
                0x0000bb60                ___ROM_AT = .

.data           0x1fff0000       0x30 load address 0x0000bb60
                0x1fff0000                . = ALIGN (0x4)
                0x1fff0000                _sdata = .
 *(.data)
 *(.data*)
 .data.WINDOW__DefaultBkColor
                0x1fff0000        0x4 E:/Workspace/MK70_Try/PE_Test/emwin_548/emwin_library\libemwin_M4F.a(WINDOW.o)
                0x1fff0000                WINDOW__DefaultBkColor
 .data.GUI__pfMemcpy
                0x1fff0004        0x4 E:/Workspace/MK70_Try/PE_Test/emwin_548/emwin_library\libemwin_M4F.a(GUI__Private.o)
                0x1fff0004                GUI__pfMemcpy
 .data.GUI__pfMemset
                0x1fff0008        0x4 E:/Workspace/MK70_Try/PE_Test/emwin_548/emwin_library\libemwin_M4F.a(GUI__Private.o)
                0x1fff0008                GUI__pfMemset
 .data.LCD__pSetColorAPI
                0x1fff000c        0x4 E:/Workspace/MK70_Try/PE_Test/emwin_548/emwin_library\libemwin_M4F.a(LCD.o)
                0x1fff000c                LCD__pSetColorAPI
 .data.GUI__BkColorDefault
                0x1fff0010        0x4 E:/Workspace/MK70_Try/PE_Test/emwin_548/emwin_library\libemwin_M4F.a(GUI_Core.o)
                0x1fff0010                GUI__BkColorDefault
 .data.GUI__ColorDefault
                0x1fff0014        0x4 E:/Workspace/MK70_Try/PE_Test/emwin_548/emwin_library\libemwin_M4F.a(GUI_Core.o)
                0x1fff0014                GUI__ColorDefault
 .data.GUI__pFontDefault
                0x1fff0018        0x4 E:/Workspace/MK70_Try/PE_Test/emwin_548/emwin_library\libemwin_M4F.a(GUI_Core.o)
                0x1fff0018                GUI__pFontDefault
 .data.GUI_pContext
                0x1fff001c        0x4 E:/Workspace/MK70_Try/PE_Test/emwin_548/emwin_library\libemwin_M4F.a(GUI_Core.o)
                0x1fff001c                GUI_pContext
 .data.GUI__pfMixColors
                0x1fff0020        0x4 E:/Workspace/MK70_Try/PE_Test/emwin_548/emwin_library\libemwin_M4F.a(GUI__Alpha.o)
                0x1fff0020                GUI__pfMixColors
 .data._pEffectDefault
                0x1fff0024        0x4 E:/Workspace/MK70_Try/PE_Test/emwin_548/emwin_library\libemwin_M4F.a(WIDGET.o)
                0x1fff0024                _pEffectDefault
 .data._aColor  0x1fff0028        0x4 E:/Workspace/MK70_Try/PE_Test/emwin_548/emwin_library\libemwin_M4F.a(WIDGET_Effect_Simple.o)
 .data._NumColors
                0x1fff002c        0x4 E:/Workspace/MK70_Try/PE_Test/emwin_548/emwin_library\libemwin_M4F.a(LCD_Color.o)
                0x1fff0030                . = ALIGN (0x4)
                0x1fff0030                _edata = .
                0x00000030                ___data_size = (_edata - _sdata)
                0x0000bb90                ___m_data2_ROMStart = (___ROM_AT + SIZEOF (.data))

.igot.plt       0x1fff0030        0x0 load address 0x0000bb90
 .igot.plt      0x00000000        0x0 ./Data/tree.o

.m_data2        0x20007000        0x0 load address 0x0000bb90
                0x20007000                . = ALIGN (0x4)
                0x20007000                ___m_data2_RAMStart = .
 *(.m_data2)
                0x20007000                ___m_data2_RAMEnd = .
                0x20007000                . = ALIGN (0x4)
                0x00000000                ___m_data2_ROMSize = (___m_data2_RAMEnd - ___m_data2_RAMStart)
                0x0000bb90                ___m_ddrramdata_ROMStart = (___m_data2_ROMStart + SIZEOF (.m_data2))

.m_ddrramdata   0x80400000        0x0 load address 0x0000bb90
                0x80400000                . = ALIGN (0x4)
                0x80400000                ___m_ddrramdata_RAMStart = .
 *(.m_ddrramdata)
                0x80400000                ___m_ddrramdata_RAMEnd = .
                0x80400000                . = ALIGN (0x4)